Archive member included to satisfy reference by file (symbol)

c:/users/hungv/appdata/roaming/xpacks/@gnu-mcu-eclipse/arm-none-eabi-gcc/8.2.1-1.7.1/.content/bin/../lib/gcc/arm-none-eabi/8.2.1/../../../../arm-none-eabi/lib/thumb/v7e-m+dp/hard\libc_nano.a(lib_a-exit.o)
                              c:/users/hungv/appdata/roaming/xpacks/@gnu-mcu-eclipse/arm-none-eabi-gcc/8.2.1-1.7.1/.content/bin/../lib/gcc/arm-none-eabi/8.2.1/../../../../arm-none-eabi/lib/thumb/v7e-m+dp/hard/crt0.o (exit)
c:/users/hungv/appdata/roaming/xpacks/@gnu-mcu-eclipse/arm-none-eabi-gcc/8.2.1-1.7.1/.content/bin/../lib/gcc/arm-none-eabi/8.2.1/../../../../arm-none-eabi/lib/thumb/v7e-m+dp/hard\libc_nano.a(lib_a-impure.o)
                              c:/users/hungv/appdata/roaming/xpacks/@gnu-mcu-eclipse/arm-none-eabi-gcc/8.2.1-1.7.1/.content/bin/../lib/gcc/arm-none-eabi/8.2.1/../../../../arm-none-eabi/lib/thumb/v7e-m+dp/hard\libc_nano.a(lib_a-exit.o) (_global_impure_ptr)
c:/users/hungv/appdata/roaming/xpacks/@gnu-mcu-eclipse/arm-none-eabi-gcc/8.2.1-1.7.1/.content/bin/../lib/gcc/arm-none-eabi/8.2.1/../../../../arm-none-eabi/lib/thumb/v7e-m+dp/hard\libc_nano.a(lib_a-init.o)
                              c:/users/hungv/appdata/roaming/xpacks/@gnu-mcu-eclipse/arm-none-eabi-gcc/8.2.1-1.7.1/.content/bin/../lib/gcc/arm-none-eabi/8.2.1/../../../../arm-none-eabi/lib/thumb/v7e-m+dp/hard/crt0.o (__libc_init_array)
c:/users/hungv/appdata/roaming/xpacks/@gnu-mcu-eclipse/arm-none-eabi-gcc/8.2.1-1.7.1/.content/bin/../lib/gcc/arm-none-eabi/8.2.1/../../../../arm-none-eabi/lib/thumb/v7e-m+dp/hard\libc_nano.a(lib_a-memset.o)
                              c:/users/hungv/appdata/roaming/xpacks/@gnu-mcu-eclipse/arm-none-eabi-gcc/8.2.1-1.7.1/.content/bin/../lib/gcc/arm-none-eabi/8.2.1/../../../../arm-none-eabi/lib/thumb/v7e-m+dp/hard/crt0.o (memset)
c:/users/hungv/appdata/roaming/xpacks/@gnu-mcu-eclipse/arm-none-eabi-gcc/8.2.1-1.7.1/.content/bin/../lib/gcc/arm-none-eabi/8.2.1/../../../../arm-none-eabi/lib/thumb/v7e-m+dp/hard\libnosys.a(_exit.o)
                              c:/users/hungv/appdata/roaming/xpacks/@gnu-mcu-eclipse/arm-none-eabi-gcc/8.2.1-1.7.1/.content/bin/../lib/gcc/arm-none-eabi/8.2.1/../../../../arm-none-eabi/lib/thumb/v7e-m+dp/hard\libc_nano.a(lib_a-exit.o) (_exit)
c:/users/hungv/appdata/roaming/xpacks/@gnu-mcu-eclipse/arm-none-eabi-gcc/8.2.1-1.7.1/.content/bin/../lib/gcc/arm-none-eabi/8.2.1/thumb/v7e-m+dp/hard\libgcc.a(_aeabi_uldivmod.o)
                              build/stm32f7xx_hal_rcc.o (__aeabi_uldivmod)
c:/users/hungv/appdata/roaming/xpacks/@gnu-mcu-eclipse/arm-none-eabi-gcc/8.2.1-1.7.1/.content/bin/../lib/gcc/arm-none-eabi/8.2.1/thumb/v7e-m+dp/hard\libgcc.a(_udivmoddi4.o)
                              c:/users/hungv/appdata/roaming/xpacks/@gnu-mcu-eclipse/arm-none-eabi-gcc/8.2.1-1.7.1/.content/bin/../lib/gcc/arm-none-eabi/8.2.1/thumb/v7e-m+dp/hard\libgcc.a(_aeabi_uldivmod.o) (__udivmoddi4)
c:/users/hungv/appdata/roaming/xpacks/@gnu-mcu-eclipse/arm-none-eabi-gcc/8.2.1-1.7.1/.content/bin/../lib/gcc/arm-none-eabi/8.2.1/thumb/v7e-m+dp/hard\libgcc.a(_dvmd_tls.o)
                              c:/users/hungv/appdata/roaming/xpacks/@gnu-mcu-eclipse/arm-none-eabi-gcc/8.2.1-1.7.1/.content/bin/../lib/gcc/arm-none-eabi/8.2.1/thumb/v7e-m+dp/hard\libgcc.a(_aeabi_uldivmod.o) (__aeabi_ldiv0)

Allocating common symbols
Common symbol       size              file

huart3              0x80              build/main.o
hpcd_USB_OTG_FS     0x404             build/main.o
uwTick              0x4               build/stm32f7xx_hal.o
pFlash              0x1c              build/stm32f7xx_hal_flash.o
heth                0x48              build/main.o

Discarded input sections

 .text          0x0000000000000000        0x0 c:/users/hungv/appdata/roaming/xpacks/@gnu-mcu-eclipse/arm-none-eabi-gcc/8.2.1-1.7.1/.content/bin/../lib/gcc/arm-none-eabi/8.2.1/thumb/v7e-m+dp/hard/crti.o
 .data          0x0000000000000000        0x0 c:/users/hungv/appdata/roaming/xpacks/@gnu-mcu-eclipse/arm-none-eabi-gcc/8.2.1-1.7.1/.content/bin/../lib/gcc/arm-none-eabi/8.2.1/thumb/v7e-m+dp/hard/crti.o
 .bss           0x0000000000000000        0x0 c:/users/hungv/appdata/roaming/xpacks/@gnu-mcu-eclipse/arm-none-eabi-gcc/8.2.1-1.7.1/.content/bin/../lib/gcc/arm-none-eabi/8.2.1/thumb/v7e-m+dp/hard/crti.o
 .text          0x0000000000000000        0x0 c:/users/hungv/appdata/roaming/xpacks/@gnu-mcu-eclipse/arm-none-eabi-gcc/8.2.1-1.7.1/.content/bin/../lib/gcc/arm-none-eabi/8.2.1/thumb/v7e-m+dp/hard/crtbegin.o
 .data          0x0000000000000000        0x0 c:/users/hungv/appdata/roaming/xpacks/@gnu-mcu-eclipse/arm-none-eabi-gcc/8.2.1-1.7.1/.content/bin/../lib/gcc/arm-none-eabi/8.2.1/thumb/v7e-m+dp/hard/crtbegin.o
 .bss           0x0000000000000000        0x0 c:/users/hungv/appdata/roaming/xpacks/@gnu-mcu-eclipse/arm-none-eabi-gcc/8.2.1-1.7.1/.content/bin/../lib/gcc/arm-none-eabi/8.2.1/thumb/v7e-m+dp/hard/crtbegin.o
 .data.__dso_handle
[...]
Memory Configuration

Name             Origin             Length             Attributes
RAM              0x0000000020000000 0x0000000000080000 xrw
FLASH            0x0000000008000000 0x0000000000200000 xr
*default*        0x0000000000000000 0xffffffffffffffff

Linker script and memory map

LOAD c:/users/hungv/appdata/roaming/xpacks/@gnu-mcu-eclipse/arm-none-eabi-gcc/8.2.1-1.7.1/.content/bin/../lib/gcc/arm-none-eabi/8.2.1/thumb/v7e-m+dp/hard/crti.o
LOAD c:/users/hungv/appdata/roaming/xpacks/@gnu-mcu-eclipse/arm-none-eabi-gcc/8.2.1-1.7.1/.content/bin/../lib/gcc/arm-none-eabi/8.2.1/thumb/v7e-m+dp/hard/crtbegin.o
LOAD c:/users/hungv/appdata/roaming/xpacks/@gnu-mcu-eclipse/arm-none-eabi-gcc/8.2.1-1.7.1/.content/bin/../lib/gcc/arm-none-eabi/8.2.1/../../../../arm-none-eabi/lib/thumb/v7e-m+dp/hard/crt0.o
LOAD build/main.o
LOAD build/stm32f7xx_it.o
LOAD build/stm32f7xx_hal_msp.o
LOAD build/stm32f7xx_hal_cortex.o
LOAD build/stm32f7xx_hal_eth.o
LOAD build/stm32f7xx_hal_rcc.o
LOAD build/stm32f7xx_hal_rcc_ex.o
LOAD build/stm32f7xx_hal_flash.o
LOAD build/stm32f7xx_hal_flash_ex.o
LOAD build/stm32f7xx_hal_gpio.o
LOAD build/stm32f7xx_hal_dma.o
LOAD build/stm32f7xx_hal_dma_ex.o
LOAD build/stm32f7xx_hal_pwr.o
LOAD build/stm32f7xx_hal_pwr_ex.o
LOAD build/stm32f7xx_hal.o
LOAD build/stm32f7xx_hal_i2c.o
LOAD build/stm32f7xx_hal_i2c_ex.o
LOAD build/stm32f7xx_hal_exti.o
LOAD build/stm32f7xx_hal_tim.o
LOAD build/stm32f7xx_hal_tim_ex.o
LOAD build/stm32f7xx_hal_uart.o
LOAD build/stm32f7xx_hal_uart_ex.o
LOAD build/stm32f7xx_hal_pcd.o
LOAD build/stm32f7xx_hal_pcd_ex.o
LOAD build/stm32f7xx_ll_usb.o
LOAD build/system_stm32f7xx.o
LOAD build/startup_stm32f767xx.o
LOAD c:/users/hungv/appdata/roaming/xpacks/@gnu-mcu-eclipse/arm-none-eabi-gcc/8.2.1-1.7.1/.content/bin/../lib/gcc/arm-none-eabi/8.2.1/../../../../arm-none-eabi/lib/thumb/v7e-m+dp/hard\libc_nano.a
LOAD c:/users/hungv/appdata/roaming/xpacks/@gnu-mcu-eclipse/arm-none-eabi-gcc/8.2.1-1.7.1/.content/bin/../lib/gcc/arm-none-eabi/8.2.1/../../../../arm-none-eabi/lib/thumb/v7e-m+dp/hard\libm.a
LOAD c:/users/hungv/appdata/roaming/xpacks/@gnu-mcu-eclipse/arm-none-eabi-gcc/8.2.1-1.7.1/.content/bin/../lib/gcc/arm-none-eabi/8.2.1/../../../../arm-none-eabi/lib/thumb/v7e-m+dp/hard\libnosys.a
START GROUP
LOAD c:/users/hungv/appdata/roaming/xpacks/@gnu-mcu-eclipse/arm-none-eabi-gcc/8.2.1-1.7.1/.content/bin/../lib/gcc/arm-none-eabi/8.2.1/thumb/v7e-m+dp/hard\libgcc.a
LOAD c:/users/hungv/appdata/roaming/xpacks/@gnu-mcu-eclipse/arm-none-eabi-gcc/8.2.1-1.7.1/.content/bin/../lib/gcc/arm-none-eabi/8.2.1/../../../../arm-none-eabi/lib/thumb/v7e-m+dp/hard\libc_nano.a
END GROUP
START GROUP
LOAD c:/users/hungv/appdata/roaming/xpacks/@gnu-mcu-eclipse/arm-none-eabi-gcc/8.2.1-1.7.1/.content/bin/../lib/gcc/arm-none-eabi/8.2.1/thumb/v7e-m+dp/hard\libgcc.a
LOAD c:/users/hungv/appdata/roaming/xpacks/@gnu-mcu-eclipse/arm-none-eabi-gcc/8.2.1-1.7.1/.content/bin/../lib/gcc/arm-none-eabi/8.2.1/../../../../arm-none-eabi/lib/thumb/v7e-m+dp/hard\libc_nano.a
END GROUP
LOAD c:/users/hungv/appdata/roaming/xpacks/@gnu-mcu-eclipse/arm-none-eabi-gcc/8.2.1-1.7.1/.content/bin/../lib/gcc/arm-none-eabi/8.2.1/thumb/v7e-m+dp/hard/crtend.o
LOAD c:/users/hungv/appdata/roaming/xpacks/@gnu-mcu-eclipse/arm-none-eabi-gcc/8.2.1-1.7.1/.content/bin/../lib/gcc/arm-none-eabi/8.2.1/thumb/v7e-m+dp/hard/crtn.o
                0x0000000020080000                _estack = 0x20080000
                0x0000000000000200                _Min_Heap_Size = 0x200
                0x0000000000000400                _Min_Stack_Size = 0x400

.isr_vector     0x0000000008000000      0x1f8
                0x0000000008000000                . = ALIGN (0x4)
 *(.isr_vector)
 .isr_vector    0x0000000008000000      0x1f8 build/startup_stm32f767xx.o
                0x0000000008000000                g_pfnVectors
                0x00000000080001f8                . = ALIGN (0x4)

.text           0x00000000080001f8     0x2894
                0x00000000080001f8                . = ALIGN (0x4)
 *(.text)
 .text          0x00000000080001f8       0x30 c:/users/hungv/appdata/roaming/xpacks/@gnu-mcu-eclipse/arm-none-eabi-gcc/8.2.1-1.7.1/.content/bin/../lib/gcc/arm-none-eabi/8.2.1/thumb/v7e-m+dp/hard\libgcc.a(_aeabi_uldivmod.o)
                0x00000000080001f8                __aeabi_uldivmod
 .text          0x0000000008000228        0x4 c:/users/hungv/appdata/roaming/xpacks/@gnu-mcu-eclipse/arm-none-eabi-gcc/8.2.1-1.7.1/.content/bin/../lib/gcc/arm-none-eabi/8.2.1/thumb/v7e-m+dp/hard\libgcc.a(_dvmd_tls.o)
                0x0000000008000228                __aeabi_idiv0
                0x0000000008000228                __aeabi_ldiv0
 *(.text*)
 .text.deregister_tm_clones
                0x000000000800022c       0x1c c:/users/hungv/appdata/roaming/xpacks/@gnu-mcu-eclipse/arm-none-eabi-gcc/8.2.1-1.7.1/.content/bin/../lib/gcc/arm-none-eabi/8.2.1/thumb/v7e-m+dp/hard/crtbegin.o
 .text.register_tm_clones
                0x0000000008000248       0x24 c:/users/hungv/appdata/roaming/xpacks/@gnu-mcu-eclipse/arm-none-eabi-gcc/8.2.1-1.7.1/.content/bin/../lib/gcc/arm-none-eabi/8.2.1/thumb/v7e-m+dp/hard/crtbegin.o
 .text.__do_global_dtors_aux
                0x000000000800026c       0x28 c:/users/hungv/appdata/roaming/xpacks/@gnu-mcu-eclipse/arm-none-eabi-gcc/8.2.1-1.7.1/.content/bin/../lib/gcc/arm-none-eabi/8.2.1/thumb/v7e-m+dp/hard/crtbegin.o
 .text.frame_dummy
                0x0000000008000294       0x24 c:/users/hungv/appdata/roaming/xpacks/@gnu-mcu-eclipse/arm-none-eabi-gcc/8.2.1-1.7.1/.content/bin/../lib/gcc/arm-none-eabi/8.2.1/thumb/v7e-m+dp/hard/crtbegin.o
 .text.MX_GPIO_Init
                0x00000000080002b8       0xfc build/main.o
 .text.MX_ETH_Init
                0x00000000080003b4       0x44 build/main.o
 .text.MX_USART3_UART_Init
                0x00000000080003f8       0x30 build/main.o
 .text.MX_USB_OTG_FS_PCD_Init
                0x0000000008000428       0x30 build/main.o
 .text.SystemClock_Config
                0x0000000008000458       0xb4 build/main.o
                0x0000000008000458                SystemClock_Config
 .text.main     0x000000000800050c       0x1c build/main.o
                0x000000000800050c                main
 .text.NMI_Handler
                0x0000000008000528        0x2 build/stm32f7xx_it.o
                0x0000000008000528                NMI_Handler
 .text.HardFault_Handler
                0x000000000800052a        0x2 build/stm32f7xx_it.o
                0x000000000800052a                HardFault_Handler
 .text.MemManage_Handler
                0x000000000800052c        0x2 build/stm32f7xx_it.o
                0x000000000800052c                MemManage_Handler
 .text.BusFault_Handler
                0x000000000800052e        0x2 build/stm32f7xx_it.o
                0x000000000800052e                BusFault_Handler
 .text.UsageFault_Handler
                0x0000000008000530        0x2 build/stm32f7xx_it.o
                0x0000000008000530                UsageFault_Handler
 .text.SVC_Handler
                0x0000000008000532        0x2 build/stm32f7xx_it.o
                0x0000000008000532                SVC_Handler
 .text.DebugMon_Handler
                0x0000000008000534        0x2 build/stm32f7xx_it.o
                0x0000000008000534                DebugMon_Handler
 .text.PendSV_Handler
                0x0000000008000536        0x2 build/stm32f7xx_it.o
                0x0000000008000536                PendSV_Handler
 .text.SysTick_Handler
                0x0000000008000538        0x8 build/stm32f7xx_it.o
                0x0000000008000538                SysTick_Handler
 .text.HAL_MspInit
                0x0000000008000540       0x30 build/stm32f7xx_hal_msp.o
                0x0000000008000540                HAL_MspInit
 .text.HAL_ETH_MspInit
                0x0000000008000570      0x110 build/stm32f7xx_hal_msp.o
                0x0000000008000570                HAL_ETH_MspInit
 .text.HAL_UART_MspInit
                0x0000000008000680       0x6c build/stm32f7xx_hal_msp.o
                0x0000000008000680                HAL_UART_MspInit
 .text.HAL_PCD_MspInit
                0x00000000080006ec       0x90 build/stm32f7xx_hal_msp.o
                0x00000000080006ec                HAL_PCD_MspInit
 .text.HAL_NVIC_SetPriorityGrouping
                0x000000000800077c       0x24 build/stm32f7xx_hal_cortex.o
                0x000000000800077c                HAL_NVIC_SetPriorityGrouping
 .text.HAL_NVIC_SetPriority
                0x00000000080007a0       0x64 build/stm32f7xx_hal_cortex.o
                0x00000000080007a0                HAL_NVIC_SetPriority
 .text.HAL_SYSTICK_Config
                0x0000000008000804       0x2c build/stm32f7xx_hal_cortex.o
                0x0000000008000804                HAL_SYSTICK_Config
 .text.ETH_MACAddressConfig
                0x0000000008000830       0x30 build/stm32f7xx_hal_eth.o
 .text.ETH_MACDMAConfig
                0x0000000008000860      0x118 build/stm32f7xx_hal_eth.o
 .text.HAL_ETH_ReadPHYRegister
                0x0000000008000978       0x78 build/stm32f7xx_hal_eth.o
                0x0000000008000978                HAL_ETH_ReadPHYRegister
 .text.HAL_ETH_WritePHYRegister
                0x00000000080009f0       0x74 build/stm32f7xx_hal_eth.o
                0x00000000080009f0                HAL_ETH_WritePHYRegister
 .text.HAL_ETH_Init
                0x0000000008000a64      0x254 build/stm32f7xx_hal_eth.o
                0x0000000008000a64                HAL_ETH_Init
 .text.HAL_RCC_OscConfig
                0x0000000008000cb8      0x444 build/stm32f7xx_hal_rcc.o
                0x0000000008000cb8                HAL_RCC_OscConfig
 .text.HAL_RCC_GetSysClockFreq
                0x00000000080010fc       0xd4 build/stm32f7xx_hal_rcc.o
                0x00000000080010fc                HAL_RCC_GetSysClockFreq
 .text.HAL_RCC_ClockConfig
                0x00000000080011d0      0x16c build/stm32f7xx_hal_rcc.o
                0x00000000080011d0                HAL_RCC_ClockConfig
 .text.HAL_RCC_GetHCLKFreq
                0x000000000800133c        0xc build/stm32f7xx_hal_rcc.o
                0x000000000800133c                HAL_RCC_GetHCLKFreq
 .text.HAL_RCC_GetPCLK1Freq
                0x0000000008001348       0x20 build/stm32f7xx_hal_rcc.o
                0x0000000008001348                HAL_RCC_GetPCLK1Freq
 .text.HAL_RCC_GetPCLK2Freq
                0x0000000008001368       0x20 build/stm32f7xx_hal_rcc.o
                0x0000000008001368                HAL_RCC_GetPCLK2Freq
 .text.HAL_RCCEx_PeriphCLKConfig
                0x0000000008001388      0x604 build/stm32f7xx_hal_rcc_ex.o
                0x0000000008001388                HAL_RCCEx_PeriphCLKConfig
 .text.HAL_GPIO_Init
                0x000000000800198c      0x1dc build/stm32f7xx_hal_gpio.o
                0x000000000800198c                HAL_GPIO_Init
 .text.HAL_GPIO_WritePin
                0x0000000008001b68        0xc build/stm32f7xx_hal_gpio.o
                0x0000000008001b68                HAL_GPIO_WritePin
 .text.HAL_PWR_EnableBkUpAccess
                0x0000000008001b74       0x10 build/stm32f7xx_hal_pwr.o
                0x0000000008001b74                HAL_PWR_EnableBkUpAccess
 .text.HAL_PWREx_EnableOverDrive
                0x0000000008001b84       0x7c build/stm32f7xx_hal_pwr_ex.o
                0x0000000008001b84                HAL_PWREx_EnableOverDrive
 .text.HAL_InitTick
                0x0000000008001c00       0x4c build/stm32f7xx_hal.o
                0x0000000008001c00                HAL_InitTick
 .text.HAL_Init
                0x0000000008001c4c       0x16 build/stm32f7xx_hal.o
                0x0000000008001c4c                HAL_Init
 *fill*         0x0000000008001c62        0x2 
 .text.HAL_IncTick
                0x0000000008001c64       0x18 build/stm32f7xx_hal.o
                0x0000000008001c64                HAL_IncTick
 .text.HAL_GetTick
                0x0000000008001c7c        0xc build/stm32f7xx_hal.o
                0x0000000008001c7c                HAL_GetTick
 .text.HAL_Delay
                0x0000000008001c88       0x28 build/stm32f7xx_hal.o
                0x0000000008001c88                HAL_Delay
 .text.UART_SetConfig
                0x0000000008001cb0      0x398 build/stm32f7xx_hal_uart.o
                0x0000000008001cb0                UART_SetConfig
 .text.UART_AdvFeatureConfig
                0x0000000008002048       0xca build/stm32f7xx_hal_uart.o
                0x0000000008002048                UART_AdvFeatureConfig
 .text.UART_WaitOnFlagUntilTimeout
                0x0000000008002112       0x9c build/stm32f7xx_hal_uart.o
                0x0000000008002112                UART_WaitOnFlagUntilTimeout
 .text.UART_CheckIdleState
                0x00000000080021ae       0x6c build/stm32f7xx_hal_uart.o
                0x00000000080021ae                UART_CheckIdleState
 .text.HAL_UART_Init
                0x000000000800221a       0x62 build/stm32f7xx_hal_uart.o
                0x000000000800221a                HAL_UART_Init
 .text.HAL_PCD_Init
                0x000000000800227c      0x130 build/stm32f7xx_hal_pcd.o
                0x000000000800227c                HAL_PCD_Init
 .text.HAL_PCDEx_ActivateLPM
                0x00000000080023ac       0x28 build/stm32f7xx_hal_pcd_ex.o
                0x00000000080023ac                HAL_PCDEx_ActivateLPM
 .text.USB_CoreReset
                0x00000000080023d4       0x3c build/stm32f7xx_ll_usb.o
 .text.USB_CoreInit
                0x0000000008002410       0x7c build/stm32f7xx_ll_usb.o
                0x0000000008002410                USB_CoreInit
 .text.USB_DisableGlobalInt
                0x000000000800248c        0xc build/stm32f7xx_ll_usb.o
                0x000000000800248c                USB_DisableGlobalInt
 .text.USB_SetCurrentMode
                0x0000000008002498       0x30 build/stm32f7xx_ll_usb.o
                0x0000000008002498                USB_SetCurrentMode
 .text.USB_FlushTxFifo
                0x00000000080024c8       0x28 build/stm32f7xx_ll_usb.o
                0x00000000080024c8                USB_FlushTxFifo
 .text.USB_FlushRxFifo
                0x00000000080024f0       0x24 build/stm32f7xx_ll_usb.o
                0x00000000080024f0                USB_FlushRxFifo
 .text.USB_SetDevSpeed
                0x0000000008002514        0xe build/stm32f7xx_ll_usb.o
                0x0000000008002514                USB_SetDevSpeed
 *fill*         0x0000000008002522        0x2 
 .text.USB_DevInit
                0x0000000008002524      0x1a0 build/stm32f7xx_ll_usb.o
                0x0000000008002524                USB_DevInit
 .text.USB_DevDisconnect
                0x00000000080026c4       0x18 build/stm32f7xx_ll_usb.o
                0x00000000080026c4                USB_DevDisconnect
 .text.SystemInit
                0x00000000080026dc       0x1c build/system_stm32f7xx.o
                0x00000000080026dc                SystemInit
 .text.Reset_Handler
                0x00000000080026f8       0x50 build/startup_stm32f767xx.o
                0x00000000080026f8                Reset_Handler
 .text.Default_Handler
                0x0000000008002748        0x2 build/startup_stm32f767xx.o
                0x0000000008002748                RTC_Alarm_IRQHandler
                0x0000000008002748                EXTI2_IRQHandler
                0x0000000008002748                TIM8_CC_IRQHandler
                0x0000000008002748                UART8_IRQHandler
                0x0000000008002748                SPI4_IRQHandler
                0x0000000008002748                TIM1_CC_IRQHandler
                0x0000000008002748                DMA2_Stream5_IRQHandler
                0x0000000008002748                JPEG_IRQHandler
                0x0000000008002748                DMA1_Stream5_IRQHandler
                0x0000000008002748                CAN3_RX1_IRQHandler
                0x0000000008002748                PVD_IRQHandler
                0x0000000008002748                TAMP_STAMP_IRQHandler
                0x0000000008002748                CAN2_RX1_IRQHandler
                0x0000000008002748                EXTI3_IRQHandler
                0x0000000008002748                TIM8_TRG_COM_TIM14_IRQHandler
                0x0000000008002748                DFSDM1_FLT1_IRQHandler
                0x0000000008002748                TIM1_UP_TIM10_IRQHandler
                0x0000000008002748                TIM8_UP_TIM13_IRQHandler
                0x0000000008002748                I2C3_ER_IRQHandler
                0x0000000008002748                DFSDM1_FLT2_IRQHandler
                0x0000000008002748                EXTI0_IRQHandler
                0x0000000008002748                I2C2_EV_IRQHandler
                0x0000000008002748                DMA1_Stream2_IRQHandler
                0x0000000008002748                CAN1_RX0_IRQHandler
                0x0000000008002748                FPU_IRQHandler
                0x0000000008002748                OTG_HS_WKUP_IRQHandler
                0x0000000008002748                CAN3_SCE_IRQHandler
                0x0000000008002748                LTDC_ER_IRQHandler
                0x0000000008002748                CAN2_SCE_IRQHandler
                0x0000000008002748                DMA2_Stream2_IRQHandler
                0x0000000008002748                SPI1_IRQHandler
                0x0000000008002748                TIM6_DAC_IRQHandler
                0x0000000008002748                TIM1_BRK_TIM9_IRQHandler
                0x0000000008002748                DCMI_IRQHandler
                0x0000000008002748                CAN2_RX0_IRQHandler
                0x0000000008002748                DMA2_Stream3_IRQHandler
                0x0000000008002748                SAI2_IRQHandler
                0x0000000008002748                DFSDM1_FLT3_IRQHandler
                0x0000000008002748                USART6_IRQHandler
                0x0000000008002748                CAN3_RX0_IRQHandler
                0x0000000008002748                USART3_IRQHandler
                0x0000000008002748                CAN1_RX1_IRQHandler
                0x0000000008002748                UART5_IRQHandler
                0x0000000008002748                DMA2_Stream0_IRQHandler
                0x0000000008002748                TIM4_IRQHandler
                0x0000000008002748                QUADSPI_IRQHandler
                0x0000000008002748                I2C1_EV_IRQHandler
                0x0000000008002748                DMA1_Stream6_IRQHandler
                0x0000000008002748                DMA1_Stream1_IRQHandler
                0x0000000008002748                UART4_IRQHandler
                0x0000000008002748                TIM3_IRQHandler
                0x0000000008002748                RCC_IRQHandler
                0x0000000008002748                TIM8_BRK_TIM12_IRQHandler
                0x0000000008002748                Default_Handler
                0x0000000008002748                CEC_IRQHandler
                0x0000000008002748                EXTI15_10_IRQHandler
                0x0000000008002748                ADC_IRQHandler
                0x0000000008002748                DMA1_Stream7_IRQHandler
                0x0000000008002748                SPI5_IRQHandler
                0x0000000008002748                TIM7_IRQHandler
                0x0000000008002748                SDMMC1_IRQHandler
                0x0000000008002748                CAN2_TX_IRQHandler
                0x0000000008002748                TIM5_IRQHandler
                0x0000000008002748                DMA2_Stream7_IRQHandler
                0x0000000008002748                I2C3_EV_IRQHandler
                0x0000000008002748                EXTI9_5_IRQHandler
                0x0000000008002748                RTC_WKUP_IRQHandler
                0x0000000008002748                LTDC_IRQHandler
                0x0000000008002748                ETH_WKUP_IRQHandler
                0x0000000008002748                SPDIF_RX_IRQHandler
                0x0000000008002748                SPI2_IRQHandler
                0x0000000008002748                OTG_HS_EP1_IN_IRQHandler
                0x0000000008002748                DMA1_Stream0_IRQHandler
                0x0000000008002748                CAN1_TX_IRQHandler
                0x0000000008002748                EXTI4_IRQHandler
                0x0000000008002748                RNG_IRQHandler
                0x0000000008002748                ETH_IRQHandler
                0x0000000008002748                OTG_HS_EP1_OUT_IRQHandler
                0x0000000008002748                WWDG_IRQHandler
                0x0000000008002748                SPI6_IRQHandler
                0x0000000008002748                MDIOS_IRQHandler
                0x0000000008002748                I2C4_EV_IRQHandler
                0x0000000008002748                CAN3_TX_IRQHandler
                0x0000000008002748                TIM2_IRQHandler
                0x0000000008002748                OTG_FS_WKUP_IRQHandler
                0x0000000008002748                TIM1_TRG_COM_TIM11_IRQHandler
                0x0000000008002748                OTG_HS_IRQHandler
                0x0000000008002748                DMA2D_IRQHandler
                0x0000000008002748                EXTI1_IRQHandler
                0x0000000008002748                SDMMC2_IRQHandler
                0x0000000008002748                UART7_IRQHandler
                0x0000000008002748                USART2_IRQHandler
                0x0000000008002748                DFSDM1_FLT0_IRQHandler
                0x0000000008002748                I2C2_ER_IRQHandler
                0x0000000008002748                DMA2_Stream1_IRQHandler
                0x0000000008002748                CAN1_SCE_IRQHandler
                0x0000000008002748                FLASH_IRQHandler
                0x0000000008002748                DMA2_Stream4_IRQHandler
                0x0000000008002748                USART1_IRQHandler
                0x0000000008002748                OTG_FS_IRQHandler
                0x0000000008002748                SPI3_IRQHandler
                0x0000000008002748                DMA1_Stream4_IRQHandler
                0x0000000008002748                I2C1_ER_IRQHandler
                0x0000000008002748                FMC_IRQHandler
                0x0000000008002748                LPTIM1_IRQHandler
                0x0000000008002748                I2C4_ER_IRQHandler
                0x0000000008002748                DMA2_Stream6_IRQHandler
                0x0000000008002748                SAI1_IRQHandler
                0x0000000008002748                DMA1_Stream3_IRQHandler
 *fill*         0x000000000800274a        0x2 
 .text.__libc_init_array
                0x000000000800274c       0x48 c:/users/hungv/appdata/roaming/xpacks/@gnu-mcu-eclipse/arm-none-eabi-gcc/8.2.1-1.7.1/.content/bin/../lib/gcc/arm-none-eabi/8.2.1/../../../../arm-none-eabi/lib/thumb/v7e-m+dp/hard\libc_nano.a(lib_a-init.o)
                0x000000000800274c                __libc_init_array
 .text.memset   0x0000000008002794       0x10 c:/users/hungv/appdata/roaming/xpacks/@gnu-mcu-eclipse/arm-none-eabi-gcc/8.2.1-1.7.1/.content/bin/../lib/gcc/arm-none-eabi/8.2.1/../../../../arm-none-eabi/lib/thumb/v7e-m+dp/hard\libc_nano.a(lib_a-memset.o)
                0x0000000008002794                memset
 .text.__udivmoddi4
                0x00000000080027a4      0x2d0 c:/users/hungv/appdata/roaming/xpacks/@gnu-mcu-eclipse/arm-none-eabi-gcc/8.2.1-1.7.1/.content/bin/../lib/gcc/arm-none-eabi/8.2.1/thumb/v7e-m+dp/hard\libgcc.a(_udivmoddi4.o)
                0x00000000080027a4                __udivmoddi4
 *(.glue_7)
 .glue_7        0x0000000008002a74        0x0 linker stubs
 *(.glue_7t)
 .glue_7t       0x0000000008002a74        0x0 linker stubs
 *(.eh_frame)
 .eh_frame      0x0000000008002a74        0x0 c:/users/hungv/appdata/roaming/xpacks/@gnu-mcu-eclipse/arm-none-eabi-gcc/8.2.1-1.7.1/.content/bin/../lib/gcc/arm-none-eabi/8.2.1/thumb/v7e-m+dp/hard/crtbegin.o
 *(.init)
 .init          0x0000000008002a74        0x4 c:/users/hungv/appdata/roaming/xpacks/@gnu-mcu-eclipse/arm-none-eabi-gcc/8.2.1-1.7.1/.content/bin/../lib/gcc/arm-none-eabi/8.2.1/thumb/v7e-m+dp/hard/crti.o
                0x0000000008002a74                _init
 .init          0x0000000008002a78        0x8 c:/users/hungv/appdata/roaming/xpacks/@gnu-mcu-eclipse/arm-none-eabi-gcc/8.2.1-1.7.1/.content/bin/../lib/gcc/arm-none-eabi/8.2.1/thumb/v7e-m+dp/hard/crtn.o
 *(.fini)
 .fini          0x0000000008002a80        0x4 c:/users/hungv/appdata/roaming/xpacks/@gnu-mcu-eclipse/arm-none-eabi-gcc/8.2.1-1.7.1/.content/bin/../lib/gcc/arm-none-eabi/8.2.1/thumb/v7e-m+dp/hard/crti.o
                0x0000000008002a80                _fini
 .fini          0x0000000008002a84        0x8 c:/users/hungv/appdata/roaming/xpacks/@gnu-mcu-eclipse/arm-none-eabi-gcc/8.2.1-1.7.1/.content/bin/../lib/gcc/arm-none-eabi/8.2.1/thumb/v7e-m+dp/hard/crtn.o
                0x0000000008002a8c                . = ALIGN (0x4)
                0x0000000008002a8c                _etext = .

.vfp11_veneer   0x0000000008002a8c        0x0
 .vfp11_veneer  0x0000000008002a8c        0x0 linker stubs

.v4_bx          0x0000000008002a8c        0x0
 .v4_bx         0x0000000008002a8c        0x0 linker stubs

.iplt           0x0000000008002a8c        0x0
 .iplt          0x0000000008002a8c        0x0 c:/users/hungv/appdata/roaming/xpacks/@gnu-mcu-eclipse/arm-none-eabi-gcc/8.2.1-1.7.1/.content/bin/../lib/gcc/arm-none-eabi/8.2.1/thumb/v7e-m+dp/hard/crtbegin.o

.rodata         0x0000000008002a8c       0x18
                0x0000000008002a8c                . = ALIGN (0x4)
 *(.rodata)
 *(.rodata*)
 .rodata.AHBPrescTable
                0x0000000008002a8c       0x10 build/system_stm32f7xx.o
                0x0000000008002a8c                AHBPrescTable
 .rodata.APBPrescTable
                0x0000000008002a9c        0x8 build/system_stm32f7xx.o
                0x0000000008002a9c                APBPrescTable
                0x0000000008002aa4                . = ALIGN (0x4)

.ARM.extab
 *(.ARM.extab* .gnu.linkonce.armextab.*)

.ARM            0x0000000008002aa4        0x8
                0x0000000008002aa4                __exidx_start = .
 *(.ARM.exidx*)
 .ARM.exidx.text.__udivmoddi4
                0x0000000008002aa4        0x8 c:/users/hungv/appdata/roaming/xpacks/@gnu-mcu-eclipse/arm-none-eabi-gcc/8.2.1-1.7.1/.content/bin/../lib/gcc/arm-none-eabi/8.2.1/thumb/v7e-m+dp/hard\libgcc.a(_udivmoddi4.o)
                0x0000000008002aac                __exidx_end = .

.rel.dyn        0x0000000008002aac        0x0
 .rel.iplt      0x0000000008002aac        0x0 c:/users/hungv/appdata/roaming/xpacks/@gnu-mcu-eclipse/arm-none-eabi-gcc/8.2.1-1.7.1/.content/bin/../lib/gcc/arm-none-eabi/8.2.1/thumb/v7e-m+dp/hard/crtbegin.o

.preinit_array  0x0000000008002aac        0x0
                0x0000000008002aac                PROVIDE (__preinit_array_start = .)
 *(.preinit_array*)
                0x0000000008002aac                PROVIDE (__preinit_array_end = .)

.init_array     0x0000000008002aac        0x4
                0x0000000008002aac                PROVIDE (__init_array_start = .)
 *(SORT_BY_NAME(.init_array.*))
 *(.init_array*)
 .init_array    0x0000000008002aac        0x4 c:/users/hungv/appdata/roaming/xpacks/@gnu-mcu-eclipse/arm-none-eabi-gcc/8.2.1-1.7.1/.content/bin/../lib/gcc/arm-none-eabi/8.2.1/thumb/v7e-m+dp/hard/crtbegin.o
                0x0000000008002ab0                PROVIDE (__init_array_end = .)

.fini_array     0x0000000008002ab0        0x4
                [!provide]                        PROVIDE (__fini_array_start = .)
 *(SORT_BY_NAME(.fini_array.*))
 *(.fini_array*)
 .fini_array    0x0000000008002ab0        0x4 c:/users/hungv/appdata/roaming/xpacks/@gnu-mcu-eclipse/arm-none-eabi-gcc/8.2.1-1.7.1/.content/bin/../lib/gcc/arm-none-eabi/8.2.1/thumb/v7e-m+dp/hard/crtbegin.o
                [!provide]                        PROVIDE (__fini_array_end = .)
                0x0000000008002ab4                _sidata = LOADADDR (.data)

.data           0x0000000020000000        0xc load address 0x0000000008002ab4
                0x0000000020000000                . = ALIGN (0x4)
                0x0000000020000000                _sdata = .
 *(.data)
 *(.data*)
 .data.uwTickFreq
                0x0000000020000000        0x1 build/stm32f7xx_hal.o
                0x0000000020000000                uwTickFreq
 *fill*         0x0000000020000001        0x3 
 .data.uwTickPrio
                0x0000000020000004        0x4 build/stm32f7xx_hal.o
                0x0000000020000004                uwTickPrio
 .data.SystemCoreClock
                0x0000000020000008        0x4 build/system_stm32f7xx.o
                0x0000000020000008                SystemCoreClock
                0x000000002000000c                . = ALIGN (0x4)
                0x000000002000000c                _edata = .

.tm_clone_table
                0x000000002000000c        0x0 load address 0x0000000008002ac0
 .tm_clone_table
                0x000000002000000c        0x0 c:/users/hungv/appdata/roaming/xpacks/@gnu-mcu-eclipse/arm-none-eabi-gcc/8.2.1-1.7.1/.content/bin/../lib/gcc/arm-none-eabi/8.2.1/thumb/v7e-m+dp/hard/crtbegin.o
 .tm_clone_table
                0x000000002000000c        0x0 c:/users/hungv/appdata/roaming/xpacks/@gnu-mcu-eclipse/arm-none-eabi-gcc/8.2.1-1.7.1/.content/bin/../lib/gcc/arm-none-eabi/8.2.1/thumb/v7e-m+dp/hard/crtend.o

.igot.plt       0x000000002000000c        0x0 load address 0x0000000008002ac0
 .igot.plt      0x000000002000000c        0x0 c:/users/hungv/appdata/roaming/xpacks/@gnu-mcu-eclipse/arm-none-eabi-gcc/8.2.1-1.7.1/.content/bin/../lib/gcc/arm-none-eabi/8.2.1/thumb/v7e-m+dp/hard/crtbegin.o
                0x000000002000000c                . = ALIGN (0x4)

.bss            0x000000002000000c      0x4ec load address 0x0000000008002ac0
                0x000000002000000c                _sbss = .
                0x000000002000000c                __bss_start__ = _sbss
 *(.bss)
 *(.bss*)
 .bss.completed.8014
                0x000000002000000c        0x1 c:/users/hungv/appdata/roaming/xpacks/@gnu-mcu-eclipse/arm-none-eabi-gcc/8.2.1-1.7.1/.content/bin/../lib/gcc/arm-none-eabi/8.2.1/thumb/v7e-m+dp/hard/crtbegin.o
 *fill*         0x000000002000000d        0x3 
 .bss.object.8019
                0x0000000020000010       0x18 c:/users/hungv/appdata/roaming/xpacks/@gnu-mcu-eclipse/arm-none-eabi-gcc/8.2.1-1.7.1/.content/bin/../lib/gcc/arm-none-eabi/8.2.1/thumb/v7e-m+dp/hard/crtbegin.o
 *(COMMON)
 COMMON         0x0000000020000028      0x4cc build/main.o
                0x0000000020000028                huart3
                0x00000000200000a8                hpcd_USB_OTG_FS
                0x00000000200004ac                heth
 COMMON         0x00000000200004f4        0x4 build/stm32f7xx_hal.o
                0x00000000200004f4                uwTick
                0x00000000200004f8                . = ALIGN (0x4)
                0x00000000200004f8                _ebss = .
                0x00000000200004f8                __bss_end__ = _ebss

._user_heap_stack
                0x00000000200004f8      0x600 load address 0x0000000008002ac0
                0x00000000200004f8                . = ALIGN (0x8)
                [!provide]                        PROVIDE (end = .)
                [!provide]                        PROVIDE (_end = .)
                0x00000000200006f8                . = (. + _Min_Heap_Size)
 *fill*         0x00000000200004f8      0x200 
                0x0000000020000af8                . = (. + _Min_Stack_Size)
 *fill*         0x00000000200006f8      0x400 
                0x0000000020000af8                . = ALIGN (0x8)

/DISCARD/
 libc.a(*)
 libm.a(*)
 libgcc.a(*)

.ARM.attributes
                0x0000000000000000       0x2e
 *(.ARM.attributes)
 .ARM.attributes
                0x0000000000000000       0x1e c:/users/hungv/appdata/roaming/xpacks/@gnu-mcu-eclipse/arm-none-eabi-gcc/8.2.1-1.7.1/.content/bin/../lib/gcc/arm-none-eabi/8.2.1/thumb/v7e-m+dp/hard/crti.o
 .ARM.attributes
                0x000000000000001e       0x32 c:/users/hungv/appdata/roaming/xpacks/@gnu-mcu-eclipse/arm-none-eabi-gcc/8.2.1-1.7.1/.content/bin/../lib/gcc/arm-none-eabi/8.2.1/thumb/v7e-m+dp/hard/crtbegin.o
 .ARM.attributes
                0x0000000000000050       0x32 build/main.o
 .ARM.attributes
                0x0000000000000082       0x32 build/stm32f7xx_it.o
 .ARM.attributes
                0x00000000000000b4       0x32 build/stm32f7xx_hal_msp.o
 .ARM.attributes
                0x00000000000000e6       0x32 build/stm32f7xx_hal_cortex.o
 .ARM.attributes
                0x0000000000000118       0x32 build/stm32f7xx_hal_eth.o
 .ARM.attributes
                0x000000000000014a       0x32 build/stm32f7xx_hal_rcc.o
 .ARM.attributes
                0x000000000000017c       0x32 build/stm32f7xx_hal_rcc_ex.o
 .ARM.attributes
                0x00000000000001ae       0x32 build/stm32f7xx_hal_gpio.o
 .ARM.attributes
                0x00000000000001e0       0x32 build/stm32f7xx_hal_pwr.o
 .ARM.attributes
                0x0000000000000212       0x32 build/stm32f7xx_hal_pwr_ex.o
 .ARM.attributes
                0x0000000000000244       0x32 build/stm32f7xx_hal.o
 .ARM.attributes
                0x0000000000000276       0x32 build/stm32f7xx_hal_uart.o
 .ARM.attributes
                0x00000000000002a8       0x32 build/stm32f7xx_hal_pcd.o
 .ARM.attributes
                0x00000000000002da       0x32 build/stm32f7xx_hal_pcd_ex.o
 .ARM.attributes
                0x000000000000030c       0x32 build/stm32f7xx_ll_usb.o
 .ARM.attributes
                0x000000000000033e       0x32 build/system_stm32f7xx.o
 .ARM.attributes
                0x0000000000000370       0x21 build/startup_stm32f767xx.o
 .ARM.attributes
                0x0000000000000391       0x32 c:/users/hungv/appdata/roaming/xpacks/@gnu-mcu-eclipse/arm-none-eabi-gcc/8.2.1-1.7.1/.content/bin/../lib/gcc/arm-none-eabi/8.2.1/../../../../arm-none-eabi/lib/thumb/v7e-m+dp/hard\libc_nano.a(lib_a-init.o)
 .ARM.attributes
                0x00000000000003c3       0x32 c:/users/hungv/appdata/roaming/xpacks/@gnu-mcu-eclipse/arm-none-eabi-gcc/8.2.1-1.7.1/.content/bin/../lib/gcc/arm-none-eabi/8.2.1/../../../../arm-none-eabi/lib/thumb/v7e-m+dp/hard\libc_nano.a(lib_a-memset.o)
 .ARM.attributes
                0x00000000000003f5       0x1e c:/users/hungv/appdata/roaming/xpacks/@gnu-mcu-eclipse/arm-none-eabi-gcc/8.2.1-1.7.1/.content/bin/../lib/gcc/arm-none-eabi/8.2.1/thumb/v7e-m+dp/hard\libgcc.a(_aeabi_uldivmod.o)
 .ARM.attributes
                0x0000000000000413       0x32 c:/users/hungv/appdata/roaming/xpacks/@gnu-mcu-eclipse/arm-none-eabi-gcc/8.2.1-1.7.1/.content/bin/../lib/gcc/arm-none-eabi/8.2.1/thumb/v7e-m+dp/hard\libgcc.a(_udivmoddi4.o)
 .ARM.attributes
                0x0000000000000445       0x1e c:/users/hungv/appdata/roaming/xpacks/@gnu-mcu-eclipse/arm-none-eabi-gcc/8.2.1-1.7.1/.content/bin/../lib/gcc/arm-none-eabi/8.2.1/thumb/v7e-m+dp/hard\libgcc.a(_dvmd_tls.o)
 .ARM.attributes
                0x0000000000000463       0x30 c:/users/hungv/appdata/roaming/xpacks/@gnu-mcu-eclipse/arm-none-eabi-gcc/8.2.1-1.7.1/.content/bin/../lib/gcc/arm-none-eabi/8.2.1/thumb/v7e-m+dp/hard/crtend.o
 .ARM.attributes
                0x0000000000000493       0x1e c:/users/hungv/appdata/roaming/xpacks/@gnu-mcu-eclipse/arm-none-eabi-gcc/8.2.1-1.7.1/.content/bin/../lib/gcc/arm-none-eabi/8.2.1/thumb/v7e-m+dp/hard/crtn.o
OUTPUT(build/LoraLCDTest.elf elf32-littlearm)

.debug_info     0x0000000000000000    0x1293b
 .debug_info    0x0000000000000000     0x20be build/main.o
 .debug_info    0x00000000000020be      0x271 build/stm32f7xx_it.o
 .debug_info    0x000000000000232f     0x1c36 build/stm32f7xx_hal_msp.o
 .debug_info    0x0000000000003f65     0x150e build/stm32f7xx_hal_cortex.o
 .debug_info    0x0000000000005473     0x1d6e build/stm32f7xx_hal_eth.o
 .debug_info    0x00000000000071e1      0xd7f build/stm32f7xx_hal_rcc.o
 .debug_info    0x0000000000007f60      0xa69 build/stm32f7xx_hal_rcc_ex.o
 .debug_info    0x00000000000089c9      0x958 build/stm32f7xx_hal_gpio.o
 .debug_info    0x0000000000009321      0xb95 build/stm32f7xx_hal_pwr.o
 .debug_info    0x0000000000009eb6      0xbfd build/stm32f7xx_hal_pwr_ex.o
 .debug_info    0x000000000000aab3      0xc7b build/stm32f7xx_hal.o
 .debug_info    0x000000000000b72e     0x2210 build/stm32f7xx_hal_uart.o
 .debug_info    0x000000000000d93e     0x1c0d build/stm32f7xx_hal_pcd.o
 .debug_info    0x000000000000f54b      0x955 build/stm32f7xx_hal_pcd_ex.o
 .debug_info    0x000000000000fea0     0x21ee build/stm32f7xx_ll_usb.o
 .debug_info    0x000000000001208e      0x88b build/system_stm32f7xx.o
 .debug_info    0x0000000000012919       0x22 build/startup_stm32f767xx.o

.debug_abbrev   0x0000000000000000     0x260a
 .debug_abbrev  0x0000000000000000      0x2aa build/main.o
 .debug_abbrev  0x00000000000002aa       0xf2 build/stm32f7xx_it.o
 .debug_abbrev  0x000000000000039c      0x247 build/stm32f7xx_hal_msp.o
 .debug_abbrev  0x00000000000005e3      0x3b3 build/stm32f7xx_hal_cortex.o
 .debug_abbrev  0x0000000000000996      0x310 build/stm32f7xx_hal_eth.o
 .debug_abbrev  0x0000000000000ca6      0x2fe build/stm32f7xx_hal_rcc.o
 .debug_abbrev  0x0000000000000fa4      0x203 build/stm32f7xx_hal_rcc_ex.o
 .debug_abbrev  0x00000000000011a7      0x258 build/stm32f7xx_hal_gpio.o
 .debug_abbrev  0x00000000000013ff      0x1f5 build/stm32f7xx_hal_pwr.o
 .debug_abbrev  0x00000000000015f4      0x1de build/stm32f7xx_hal_pwr_ex.o
 .debug_abbrev  0x00000000000017d2      0x21c build/stm32f7xx_hal.o
 .debug_abbrev  0x00000000000019ee      0x2ac build/stm32f7xx_hal_uart.o
 .debug_abbrev  0x0000000000001c9a      0x2ef build/stm32f7xx_hal_pcd.o
 .debug_abbrev  0x0000000000001f89      0x1e1 build/stm32f7xx_hal_pcd_ex.o
 .debug_abbrev  0x000000000000216a      0x335 build/stm32f7xx_ll_usb.o
 .debug_abbrev  0x000000000000249f      0x159 build/system_stm32f7xx.o
 .debug_abbrev  0x00000000000025f8       0x12 build/startup_stm32f767xx.o

.debug_loc      0x0000000000000000     0x9d3a
 .debug_loc     0x0000000000000000       0xf2 build/main.o
 .debug_loc     0x00000000000000f2       0x20 build/stm32f7xx_it.o
 .debug_loc     0x0000000000000112      0x2e6 build/stm32f7xx_hal_msp.o
 .debug_loc     0x00000000000003f8      0x780 build/stm32f7xx_hal_cortex.o
 .debug_loc     0x0000000000000b78     0x13a3 build/stm32f7xx_hal_eth.o
 .debug_loc     0x0000000000001f1b      0x7e5 build/stm32f7xx_hal_rcc.o
 .debug_loc     0x0000000000002700      0x8cd build/stm32f7xx_hal_rcc_ex.o
 .debug_loc     0x0000000000002fcd      0x5f1 build/stm32f7xx_hal_gpio.o
 .debug_loc     0x00000000000035be       0xc6 build/stm32f7xx_hal_pwr.o
 .debug_loc     0x0000000000003684      0x3ca build/stm32f7xx_hal_pwr_ex.o
 .debug_loc     0x0000000000003a4e      0x1e1 build/stm32f7xx_hal.o
 .debug_loc     0x0000000000003c2f     0x213f build/stm32f7xx_hal_uart.o
 .debug_loc     0x0000000000005d6e     0x14cc build/stm32f7xx_hal_pcd.o
 .debug_loc     0x000000000000723a      0x197 build/stm32f7xx_hal_pcd_ex.o
 .debug_loc     0x00000000000073d1     0x27fd build/stm32f7xx_ll_usb.o
 .debug_loc     0x0000000000009bce      0x16c build/system_stm32f7xx.o

.debug_aranges  0x0000000000000000      0xb90
 .debug_aranges
                0x0000000000000000       0x50 build/main.o
 .debug_aranges
                0x0000000000000050       0x60 build/stm32f7xx_it.o
 .debug_aranges
                0x00000000000000b0       0x50 build/stm32f7xx_hal_msp.o
 .debug_aranges
                0x0000000000000100       0xa8 build/stm32f7xx_hal_cortex.o
 .debug_aranges
                0x00000000000001a8      0x110 build/stm32f7xx_hal_eth.o
 .debug_aranges
                0x00000000000002b8       0x88 build/stm32f7xx_hal_rcc.o
 .debug_aranges
                0x0000000000000340       0x50 build/stm32f7xx_hal_rcc_ex.o
 .debug_aranges
                0x0000000000000390       0x58 build/stm32f7xx_hal_gpio.o
 .debug_aranges
                0x00000000000003e8       0xa0 build/stm32f7xx_hal_pwr.o
 .debug_aranges
                0x0000000000000488       0x80 build/stm32f7xx_hal_pwr_ex.o
 .debug_aranges
                0x0000000000000508      0x110 build/stm32f7xx_hal.o
 .debug_aranges
                0x0000000000000618      0x218 build/stm32f7xx_hal_uart.o
 .debug_aranges
                0x0000000000000830      0x130 build/stm32f7xx_hal_pcd.o
 .debug_aranges
                0x0000000000000960       0x48 build/stm32f7xx_hal_pcd_ex.o
 .debug_aranges
                0x00000000000009a8      0x198 build/stm32f7xx_ll_usb.o
 .debug_aranges
                0x0000000000000b40       0x28 build/system_stm32f7xx.o
 .debug_aranges
                0x0000000000000b68       0x28 build/startup_stm32f767xx.o

.debug_ranges   0x0000000000000000      0xad0
 .debug_ranges  0x0000000000000000       0x40 build/main.o
 .debug_ranges  0x0000000000000040       0x50 build/stm32f7xx_it.o
 .debug_ranges  0x0000000000000090       0x40 build/stm32f7xx_hal_msp.o
 .debug_ranges  0x00000000000000d0       0xe0 build/stm32f7xx_hal_cortex.o
 .debug_ranges  0x00000000000001b0      0x100 build/stm32f7xx_hal_eth.o
 .debug_ranges  0x00000000000002b0       0x78 build/stm32f7xx_hal_rcc.o
 .debug_ranges  0x0000000000000328       0x40 build/stm32f7xx_hal_rcc_ex.o
 .debug_ranges  0x0000000000000368       0x48 build/stm32f7xx_hal_gpio.o
 .debug_ranges  0x00000000000003b0       0x90 build/stm32f7xx_hal_pwr.o
 .debug_ranges  0x0000000000000440       0x70 build/stm32f7xx_hal_pwr_ex.o
 .debug_ranges  0x00000000000004b0      0x100 build/stm32f7xx_hal.o
 .debug_ranges  0x00000000000005b0      0x208 build/stm32f7xx_hal_uart.o
 .debug_ranges  0x00000000000007b8      0x120 build/stm32f7xx_hal_pcd.o
 .debug_ranges  0x00000000000008d8       0x38 build/stm32f7xx_hal_pcd_ex.o
 .debug_ranges  0x0000000000000910      0x188 build/stm32f7xx_ll_usb.o
 .debug_ranges  0x0000000000000a98       0x18 build/system_stm32f7xx.o
 .debug_ranges  0x0000000000000ab0       0x20 build/startup_stm32f767xx.o

.debug_line     0x0000000000000000     0xb52a
 .debug_line    0x0000000000000000      0x638 build/main.o
 .debug_line    0x0000000000000638      0x2bd build/stm32f7xx_it.o
 .debug_line    0x00000000000008f5      0x535 build/stm32f7xx_hal_msp.o
 .debug_line    0x0000000000000e2a      0x7ec build/stm32f7xx_hal_cortex.o
 .debug_line    0x0000000000001616     0x1726 build/stm32f7xx_hal_eth.o
 .debug_line    0x0000000000002d3c      0xcfb build/stm32f7xx_hal_rcc.o
 .debug_line    0x0000000000003a37      0xc60 build/stm32f7xx_hal_rcc_ex.o
 .debug_line    0x0000000000004697      0x75b build/stm32f7xx_hal_gpio.o
 .debug_line    0x0000000000004df2      0x4da build/stm32f7xx_hal_pwr.o
 .debug_line    0x00000000000052cc      0x5a2 build/stm32f7xx_hal_pwr_ex.o
 .debug_line    0x000000000000586e      0x60e build/stm32f7xx_hal.o
 .debug_line    0x0000000000005e7c     0x2170 build/stm32f7xx_hal_uart.o
 .debug_line    0x0000000000007fec     0x1320 build/stm32f7xx_hal_pcd.o
 .debug_line    0x000000000000930c      0x3ca build/stm32f7xx_hal_pcd_ex.o
 .debug_line    0x00000000000096d6     0x1b04 build/stm32f7xx_ll_usb.o
 .debug_line    0x000000000000b1da      0x2dd build/system_stm32f7xx.o
 .debug_line    0x000000000000b4b7       0x73 build/startup_stm32f767xx.o

.debug_str      0x0000000000000000     0x480d
 .debug_str     0x0000000000000000     0x1476 build/main.o
                                       0x1562 (size before relaxing)
 .debug_str     0x0000000000001476       0xaf build/stm32f7xx_it.o
                                        0x30d (size before relaxing)
 .debug_str     0x0000000000001525       0xa7 build/stm32f7xx_hal_msp.o
                                       0x1079 (size before relaxing)
 .debug_str     0x00000000000015cc      0xbf1 build/stm32f7xx_hal_cortex.o
                                        0xef6 (size before relaxing)
 .debug_str     0x00000000000021bd      0x732 build/stm32f7xx_hal_eth.o
                                        0xfb9 (size before relaxing)
 .debug_str     0x00000000000028ef      0x1cb build/stm32f7xx_hal_rcc.o
                                        0x7ac (size before relaxing)
 .debug_str     0x0000000000002aba      0x144 build/stm32f7xx_hal_rcc_ex.o
                                        0x7f6 (size before relaxing)
 .debug_str     0x0000000000002bfe       0xf4 build/stm32f7xx_hal_gpio.o
                                        0x5ba (size before relaxing)
 .debug_str     0x0000000000002cf2      0x1fc build/stm32f7xx_hal_pwr.o
                                        0x6fa (size before relaxing)
 .debug_str     0x0000000000002eee      0x1bf build/stm32f7xx_hal_pwr_ex.o
                                        0x709 (size before relaxing)
 .debug_str     0x00000000000030ad      0x293 build/stm32f7xx_hal.o
                                        0xd6f (size before relaxing)
 .debug_str     0x0000000000003340      0x74f build/stm32f7xx_hal_uart.o
                                       0x1010 (size before relaxing)
 .debug_str     0x0000000000003a8f      0x786 build/stm32f7xx_hal_pcd.o
                                        0xe24 (size before relaxing)
 .debug_str     0x0000000000004215      0x165 build/stm32f7xx_hal_pcd_ex.o
                                        0x80e (size before relaxing)
 .debug_str     0x000000000000437a      0x42c build/stm32f7xx_ll_usb.o
                                        0xd3c (size before relaxing)
 .debug_str     0x00000000000047a6       0x42 build/system_stm32f7xx.o
                                        0x4e7 (size before relaxing)
 .debug_str     0x00000000000047e8       0x25 build/startup_stm32f767xx.o
                                         0x3e (size before relaxing)

.comment        0x0000000000000000       0x68
 .comment       0x0000000000000000       0x68 build/main.o
                                         0x69 (size before relaxing)
 .comment       0x0000000000000068       0x69 build/stm32f7xx_it.o
 .comment       0x0000000000000068       0x69 build/stm32f7xx_hal_msp.o
 .comment       0x0000000000000068       0x69 build/stm32f7xx_hal_cortex.o
 .comment       0x0000000000000068       0x69 build/stm32f7xx_hal_eth.o
 .comment       0x0000000000000068       0x69 build/stm32f7xx_hal_rcc.o
 .comment       0x0000000000000068       0x69 build/stm32f7xx_hal_rcc_ex.o
 .comment       0x0000000000000068       0x69 build/stm32f7xx_hal_gpio.o
 .comment       0x0000000000000068       0x69 build/stm32f7xx_hal_pwr.o
 .comment       0x0000000000000068       0x69 build/stm32f7xx_hal_pwr_ex.o
 .comment       0x0000000000000068       0x69 build/stm32f7xx_hal.o
 .comment       0x0000000000000068       0x69 build/stm32f7xx_hal_uart.o
 .comment       0x0000000000000068       0x69 build/stm32f7xx_hal_pcd.o
 .comment       0x0000000000000068       0x69 build/stm32f7xx_hal_pcd_ex.o
 .comment       0x0000000000000068       0x69 build/stm32f7xx_ll_usb.o
 .comment       0x0000000000000068       0x69 build/system_stm32f7xx.o

.debug_frame    0x0000000000000000     0x206c
 .debug_frame   0x0000000000000000       0xe0 build/main.o
 .debug_frame   0x00000000000000e0       0xac build/stm32f7xx_it.o
 .debug_frame   0x000000000000018c       0xf0 build/stm32f7xx_hal_msp.o
 .debug_frame   0x000000000000027c      0x16c build/stm32f7xx_hal_cortex.o
 .debug_frame   0x00000000000003e8      0x3a8 build/stm32f7xx_hal_eth.o
 .debug_frame   0x0000000000000790      0x1c0 build/stm32f7xx_hal_rcc.o
 .debug_frame   0x0000000000000950       0xe8 build/stm32f7xx_hal_rcc_ex.o
 .debug_frame   0x0000000000000a38       0xf0 build/stm32f7xx_hal_gpio.o
 .debug_frame   0x0000000000000b28      0x138 build/stm32f7xx_hal_pwr.o
 .debug_frame   0x0000000000000c60      0x150 build/stm32f7xx_hal_pwr_ex.o
 .debug_frame   0x0000000000000db0      0x240 build/stm32f7xx_hal.o
 .debug_frame   0x0000000000000ff0      0x664 build/stm32f7xx_hal_uart.o
 .debug_frame   0x0000000000001654      0x3b4 build/stm32f7xx_hal_pcd.o
 .debug_frame   0x0000000000001a08       0x84 build/stm32f7xx_hal_pcd_ex.o
 .debug_frame   0x0000000000001a8c      0x504 build/stm32f7xx_ll_usb.o
 .debug_frame   0x0000000000001f90       0x30 build/system_stm32f7xx.o
 .debug_frame   0x0000000000001fc0       0x2c c:/users/hungv/appdata/roaming/xpacks/@gnu-mcu-eclipse/arm-none-eabi-gcc/8.2.1-1.7.1/.content/bin/../lib/gcc/arm-none-eabi/8.2.1/../../../../arm-none-eabi/lib/thumb/v7e-m+dp/hard\libc_nano.a(lib_a-init.o)
 .debug_frame   0x0000000000001fec       0x20 c:/users/hungv/appdata/roaming/xpacks/@gnu-mcu-eclipse/arm-none-eabi-gcc/8.2.1-1.7.1/.content/bin/../lib/gcc/arm-none-eabi/8.2.1/../../../../arm-none-eabi/lib/thumb/v7e-m+dp/hard\libc_nano.a(lib_a-memset.o)
 .debug_frame   0x000000000000200c       0x2c c:/users/hungv/appdata/roaming/xpacks/@gnu-mcu-eclipse/arm-none-eabi-gcc/8.2.1-1.7.1/.content/bin/../lib/gcc/arm-none-eabi/8.2.1/thumb/v7e-m+dp/hard\libgcc.a(_aeabi_uldivmod.o)
 .debug_frame   0x0000000000002038       0x34 c:/users/hungv/appdata/roaming/xpacks/@gnu-mcu-eclipse/arm-none-eabi-gcc/8.2.1-1.7.1/.content/bin/../lib/gcc/arm-none-eabi/8.2.1/thumb/v7e-m+dp/hard\libgcc.a(_udivmoddi4.o)

Cross Reference Table

Symbol                                            File
ADC_IRQHandler                                    build/startup_stm32f767xx.o
AHBPrescTable                                     build/system_stm32f7xx.o
                                                  build/stm32f7xx_hal_rcc.o
APBPrescTable                                     build/system_stm32f7xx.o
                                                  build/stm32f7xx_hal_rcc.o
BusFault_Handler                                  build/stm32f7xx_it.o
CAN1_RX0_IRQHandler                               build/startup_stm32f767xx.o
CAN1_RX1_IRQHandler                               build/startup_stm32f767xx.o
CAN1_SCE_IRQHandler                               build/startup_stm32f767xx.o
CAN1_TX_IRQHandler                                build/startup_stm32f767xx.o
CAN2_RX0_IRQHandler                               build/startup_stm32f767xx.o
CAN2_RX1_IRQHandler                               build/startup_stm32f767xx.o
CAN2_SCE_IRQHandler                               build/startup_stm32f767xx.o
CAN2_TX_IRQHandler                                build/startup_stm32f767xx.o
CAN3_RX0_IRQHandler                               build/startup_stm32f767xx.o
CAN3_RX1_IRQHandler                               build/startup_stm32f767xx.o
CAN3_SCE_IRQHandler                               build/startup_stm32f767xx.o
CAN3_TX_IRQHandler                                build/startup_stm32f767xx.o
CEC_IRQHandler                                    build/startup_stm32f767xx.o
DCMI_IRQHandler                                   build/startup_stm32f767xx.o
DFSDM1_FLT0_IRQHandler                            build/startup_stm32f767xx.o
DFSDM1_FLT1_IRQHandler                            build/startup_stm32f767xx.o
DFSDM1_FLT2_IRQHandler                            build/startup_stm32f767xx.o
DFSDM1_FLT3_IRQHandler                            build/startup_stm32f767xx.o
DMA1_Stream0_IRQHandler                           build/startup_stm32f767xx.o
DMA1_Stream1_IRQHandler                           build/startup_stm32f767xx.o
DMA1_Stream2_IRQHandler                           build/startup_stm32f767xx.o
DMA1_Stream3_IRQHandler                           build/startup_stm32f767xx.o
DMA1_Stream4_IRQHandler                           build/startup_stm32f767xx.o
DMA1_Stream5_IRQHandler                           build/startup_stm32f767xx.o
DMA1_Stream6_IRQHandler                           build/startup_stm32f767xx.o
DMA1_Stream7_IRQHandler                           build/startup_stm32f767xx.o
DMA2D_IRQHandler                                  build/startup_stm32f767xx.o
DMA2_Stream0_IRQHandler                           build/startup_stm32f767xx.o
DMA2_Stream1_IRQHandler                           build/startup_stm32f767xx.o
DMA2_Stream2_IRQHandler                           build/startup_stm32f767xx.o
DMA2_Stream3_IRQHandler                           build/startup_stm32f767xx.o
DMA2_Stream4_IRQHandler                           build/startup_stm32f767xx.o
DMA2_Stream5_IRQHandler                           build/startup_stm32f767xx.o
DMA2_Stream6_IRQHandler                           build/startup_stm32f767xx.o
DMA2_Stream7_IRQHandler                           build/startup_stm32f767xx.o
DebugMon_Handler                                  build/stm32f7xx_it.o
Default_Handler                                   build/startup_stm32f767xx.o
ETH_IRQHandler                                    build/startup_stm32f767xx.o
ETH_WKUP_IRQHandler                               build/startup_stm32f767xx.o
EXTI0_IRQHandler                                  build/startup_stm32f767xx.o
EXTI15_10_IRQHandler                              build/startup_stm32f767xx.o
EXTI1_IRQHandler                                  build/startup_stm32f767xx.o
EXTI2_IRQHandler                                  build/startup_stm32f767xx.o
EXTI3_IRQHandler                                  build/startup_stm32f767xx.o
EXTI4_IRQHandler                                  build/startup_stm32f767xx.o
EXTI9_5_IRQHandler                                build/startup_stm32f767xx.o
Error_Handler                                     build/main.o
FLASH_Erase_Sector                                build/stm32f7xx_hal_flash_ex.o
                                                  build/stm32f7xx_hal_flash.o
FLASH_IRQHandler                                  build/startup_stm32f767xx.o
FLASH_WaitForLastOperation                        build/stm32f7xx_hal_flash.o
                                                  build/stm32f7xx_hal_flash_ex.o
FMC_IRQHandler                                    build/startup_stm32f767xx.o
FPU_IRQHandler                                    build/startup_stm32f767xx.o
HAL_DBGMCU_DisableDBGSleepMode                    build/stm32f7xx_hal.o
HAL_DBGMCU_DisableDBGStandbyMode                  build/stm32f7xx_hal.o
HAL_DBGMCU_DisableDBGStopMode                     build/stm32f7xx_hal.o
HAL_DBGMCU_EnableDBGSleepMode                     build/stm32f7xx_hal.o
HAL_DBGMCU_EnableDBGStandbyMode                   build/stm32f7xx_hal.o
HAL_DBGMCU_EnableDBGStopMode                      build/stm32f7xx_hal.o
HAL_DMAEx_ChangeMemory                            build/stm32f7xx_hal_dma_ex.o
HAL_DMAEx_MultiBufferStart                        build/stm32f7xx_hal_dma_ex.o
HAL_DMAEx_MultiBufferStart_IT                     build/stm32f7xx_hal_dma_ex.o
HAL_DMA_Abort                                     build/stm32f7xx_hal_dma.o
                                                  build/stm32f7xx_hal_uart.o
HAL_DMA_Abort_IT                                  build/stm32f7xx_hal_dma.o
                                                  build/stm32f7xx_hal_uart.o
                                                  build/stm32f7xx_hal_i2c.o
HAL_DMA_DeInit                                    build/stm32f7xx_hal_dma.o
HAL_DMA_GetError                                  build/stm32f7xx_hal_dma.o
                                                  build/stm32f7xx_hal_uart.o
                                                  build/stm32f7xx_hal_i2c.o
HAL_DMA_GetState                                  build/stm32f7xx_hal_dma.o
HAL_DMA_IRQHandler                                build/stm32f7xx_hal_dma.o
HAL_DMA_Init                                      build/stm32f7xx_hal_dma.o
HAL_DMA_PollForTransfer                           build/stm32f7xx_hal_dma.o
HAL_DMA_RegisterCallback                          build/stm32f7xx_hal_dma.o
HAL_DMA_Start                                     build/stm32f7xx_hal_dma.o
HAL_DMA_Start_IT                                  build/stm32f7xx_hal_dma.o
                                                  build/stm32f7xx_hal_uart.o
                                                  build/stm32f7xx_hal_i2c.o
HAL_DMA_UnRegisterCallback                        build/stm32f7xx_hal_dma.o
HAL_DeInit                                        build/stm32f7xx_hal.o
HAL_Delay                                         build/stm32f7xx_hal.o
                                                  build/stm32f7xx_ll_usb.o
                                                  build/stm32f7xx_hal_eth.o
HAL_DisableCompensationCell                       build/stm32f7xx_hal.o
HAL_DisableFMCMemorySwapping                      build/stm32f7xx_hal.o
HAL_DisableMemorySwappingBank                     build/stm32f7xx_hal.o
HAL_ETH_ConfigDMA                                 build/stm32f7xx_hal_eth.o
HAL_ETH_ConfigMAC                                 build/stm32f7xx_hal_eth.o
HAL_ETH_DMARxDescListInit                         build/stm32f7xx_hal_eth.o
HAL_ETH_DMATxDescListInit                         build/stm32f7xx_hal_eth.o
HAL_ETH_DeInit                                    build/stm32f7xx_hal_eth.o
HAL_ETH_ErrorCallback                             build/stm32f7xx_hal_eth.o
HAL_ETH_GetReceivedFrame                          build/stm32f7xx_hal_eth.o
HAL_ETH_GetReceivedFrame_IT                       build/stm32f7xx_hal_eth.o
HAL_ETH_GetState                                  build/stm32f7xx_hal_eth.o
HAL_ETH_IRQHandler                                build/stm32f7xx_hal_eth.o
HAL_ETH_Init                                      build/stm32f7xx_hal_eth.o
                                                  build/main.o
HAL_ETH_MspDeInit                                 build/stm32f7xx_hal_msp.o
HAL_ETH_MspInit                                   build/stm32f7xx_hal_msp.o
HAL_ETH_ReadPHYRegister                           build/stm32f7xx_hal_eth.o
HAL_ETH_RxCpltCallback                            build/stm32f7xx_hal_eth.o
HAL_ETH_Start                                     build/stm32f7xx_hal_eth.o
HAL_ETH_Stop                                      build/stm32f7xx_hal_eth.o
HAL_ETH_TransmitFrame                             build/stm32f7xx_hal_eth.o
HAL_ETH_TxCpltCallback                            build/stm32f7xx_hal_eth.o
HAL_ETH_WritePHYRegister                          build/stm32f7xx_hal_eth.o
HAL_EXTI_ClearConfigLine                          build/stm32f7xx_hal_exti.o
HAL_EXTI_ClearPending                             build/stm32f7xx_hal_exti.o
HAL_EXTI_GenerateSWI                              build/stm32f7xx_hal_exti.o
HAL_EXTI_GetConfigLine                            build/stm32f7xx_hal_exti.o
HAL_EXTI_GetHandle                                build/stm32f7xx_hal_exti.o
HAL_EXTI_GetPending                               build/stm32f7xx_hal_exti.o
HAL_EXTI_IRQHandler                               build/stm32f7xx_hal_exti.o
HAL_EXTI_RegisterCallback                         build/stm32f7xx_hal_exti.o
HAL_EXTI_SetConfigLine                            build/stm32f7xx_hal_exti.o
HAL_EnableCompensationCell                        build/stm32f7xx_hal.o
HAL_EnableFMCMemorySwapping                       build/stm32f7xx_hal.o
HAL_EnableMemorySwappingBank                      build/stm32f7xx_hal.o
HAL_FLASHEx_Erase                                 build/stm32f7xx_hal_flash_ex.o
HAL_FLASHEx_Erase_IT                              build/stm32f7xx_hal_flash_ex.o
HAL_FLASHEx_OBGetConfig                           build/stm32f7xx_hal_flash_ex.o
HAL_FLASHEx_OBProgram                             build/stm32f7xx_hal_flash_ex.o
HAL_FLASH_EndOfOperationCallback                  build/stm32f7xx_hal_flash.o
HAL_FLASH_GetError                                build/stm32f7xx_hal_flash.o
HAL_FLASH_IRQHandler                              build/stm32f7xx_hal_flash.o
HAL_FLASH_Lock                                    build/stm32f7xx_hal_flash.o
HAL_FLASH_OB_Launch                               build/stm32f7xx_hal_flash.o
HAL_FLASH_OB_Lock                                 build/stm32f7xx_hal_flash.o
HAL_FLASH_OB_Unlock                               build/stm32f7xx_hal_flash.o
HAL_FLASH_OperationErrorCallback                  build/stm32f7xx_hal_flash.o
HAL_FLASH_Program                                 build/stm32f7xx_hal_flash.o
HAL_FLASH_Program_IT                              build/stm32f7xx_hal_flash.o
HAL_FLASH_Unlock                                  build/stm32f7xx_hal_flash.o
HAL_GPIO_DeInit                                   build/stm32f7xx_hal_gpio.o
                                                  build/stm32f7xx_hal_msp.o
HAL_GPIO_EXTI_Callback                            build/stm32f7xx_hal_gpio.o
HAL_GPIO_EXTI_IRQHandler                          build/stm32f7xx_hal_gpio.o
HAL_GPIO_Init                                     build/stm32f7xx_hal_gpio.o
                                                  build/stm32f7xx_hal_rcc.o
                                                  build/stm32f7xx_hal_msp.o
                                                  build/main.o
HAL_GPIO_LockPin                                  build/stm32f7xx_hal_gpio.o
HAL_GPIO_ReadPin                                  build/stm32f7xx_hal_gpio.o
HAL_GPIO_TogglePin                                build/stm32f7xx_hal_gpio.o
HAL_GPIO_WritePin                                 build/stm32f7xx_hal_gpio.o
                                                  build/main.o
HAL_GetDEVID                                      build/stm32f7xx_hal.o
HAL_GetHalVersion                                 build/stm32f7xx_hal.o
HAL_GetREVID                                      build/stm32f7xx_hal.o
HAL_GetTick                                       build/stm32f7xx_hal.o
                                                  build/stm32f7xx_hal_uart_ex.o
                                                  build/stm32f7xx_hal_uart.o
                                                  build/stm32f7xx_hal_i2c.o
                                                  build/stm32f7xx_hal_pwr_ex.o
                                                  build/stm32f7xx_hal_dma.o
                                                  build/stm32f7xx_hal_flash.o
                                                  build/stm32f7xx_hal_rcc_ex.o
                                                  build/stm32f7xx_hal_rcc.o
                                                  build/stm32f7xx_hal_eth.o
HAL_GetTickFreq                                   build/stm32f7xx_hal.o
HAL_GetTickPrio                                   build/stm32f7xx_hal.o
HAL_GetUIDw0                                      build/stm32f7xx_hal.o
HAL_GetUIDw1                                      build/stm32f7xx_hal.o
HAL_GetUIDw2                                      build/stm32f7xx_hal.o
HAL_HalfDuplex_EnableReceiver                     build/stm32f7xx_hal_uart.o
HAL_HalfDuplex_EnableTransmitter                  build/stm32f7xx_hal_uart.o
HAL_HalfDuplex_Init                               build/stm32f7xx_hal_uart.o
HAL_I2CEx_ConfigAnalogFilter                      build/stm32f7xx_hal_i2c_ex.o
HAL_I2CEx_ConfigDigitalFilter                     build/stm32f7xx_hal_i2c_ex.o
HAL_I2CEx_DisableFastModePlus                     build/stm32f7xx_hal_i2c_ex.o
HAL_I2CEx_EnableFastModePlus                      build/stm32f7xx_hal_i2c_ex.o
HAL_I2C_AbortCpltCallback                         build/stm32f7xx_hal_i2c.o
HAL_I2C_AddrCallback                              build/stm32f7xx_hal_i2c.o
HAL_I2C_DeInit                                    build/stm32f7xx_hal_i2c.o
HAL_I2C_DisableListen_IT                          build/stm32f7xx_hal_i2c.o
HAL_I2C_ER_IRQHandler                             build/stm32f7xx_hal_i2c.o
HAL_I2C_EV_IRQHandler                             build/stm32f7xx_hal_i2c.o
HAL_I2C_EnableListen_IT                           build/stm32f7xx_hal_i2c.o
HAL_I2C_ErrorCallback                             build/stm32f7xx_hal_i2c.o
HAL_I2C_GetError                                  build/stm32f7xx_hal_i2c.o
HAL_I2C_GetMode                                   build/stm32f7xx_hal_i2c.o
HAL_I2C_GetState                                  build/stm32f7xx_hal_i2c.o
HAL_I2C_Init                                      build/stm32f7xx_hal_i2c.o
HAL_I2C_IsDeviceReady                             build/stm32f7xx_hal_i2c.o
HAL_I2C_ListenCpltCallback                        build/stm32f7xx_hal_i2c.o
HAL_I2C_MasterRxCpltCallback                      build/stm32f7xx_hal_i2c.o
HAL_I2C_MasterTxCpltCallback                      build/stm32f7xx_hal_i2c.o
HAL_I2C_Master_Abort_IT                           build/stm32f7xx_hal_i2c.o
HAL_I2C_Master_Receive                            build/stm32f7xx_hal_i2c.o
HAL_I2C_Master_Receive_DMA                        build/stm32f7xx_hal_i2c.o
HAL_I2C_Master_Receive_IT                         build/stm32f7xx_hal_i2c.o
HAL_I2C_Master_Seq_Receive_DMA                    build/stm32f7xx_hal_i2c.o
HAL_I2C_Master_Seq_Receive_IT                     build/stm32f7xx_hal_i2c.o
HAL_I2C_Master_Seq_Transmit_DMA                   build/stm32f7xx_hal_i2c.o
HAL_I2C_Master_Seq_Transmit_IT                    build/stm32f7xx_hal_i2c.o
HAL_I2C_Master_Transmit                           build/stm32f7xx_hal_i2c.o
HAL_I2C_Master_Transmit_DMA                       build/stm32f7xx_hal_i2c.o
HAL_I2C_Master_Transmit_IT                        build/stm32f7xx_hal_i2c.o
HAL_I2C_MemRxCpltCallback                         build/stm32f7xx_hal_i2c.o
HAL_I2C_MemTxCpltCallback                         build/stm32f7xx_hal_i2c.o
HAL_I2C_Mem_Read                                  build/stm32f7xx_hal_i2c.o
HAL_I2C_Mem_Read_DMA                              build/stm32f7xx_hal_i2c.o
HAL_I2C_Mem_Read_IT                               build/stm32f7xx_hal_i2c.o
HAL_I2C_Mem_Write                                 build/stm32f7xx_hal_i2c.o
HAL_I2C_Mem_Write_DMA                             build/stm32f7xx_hal_i2c.o
HAL_I2C_Mem_Write_IT                              build/stm32f7xx_hal_i2c.o
HAL_I2C_MspDeInit                                 build/stm32f7xx_hal_i2c.o
HAL_I2C_MspInit                                   build/stm32f7xx_hal_i2c.o
HAL_I2C_SlaveRxCpltCallback                       build/stm32f7xx_hal_i2c.o
HAL_I2C_SlaveTxCpltCallback                       build/stm32f7xx_hal_i2c.o
HAL_I2C_Slave_Receive                             build/stm32f7xx_hal_i2c.o
HAL_I2C_Slave_Receive_DMA                         build/stm32f7xx_hal_i2c.o
HAL_I2C_Slave_Receive_IT                          build/stm32f7xx_hal_i2c.o
HAL_I2C_Slave_Seq_Receive_DMA                     build/stm32f7xx_hal_i2c.o
HAL_I2C_Slave_Seq_Receive_IT                      build/stm32f7xx_hal_i2c.o
HAL_I2C_Slave_Seq_Transmit_DMA                    build/stm32f7xx_hal_i2c.o
HAL_I2C_Slave_Seq_Transmit_IT                     build/stm32f7xx_hal_i2c.o
HAL_I2C_Slave_Transmit                            build/stm32f7xx_hal_i2c.o
HAL_I2C_Slave_Transmit_DMA                        build/stm32f7xx_hal_i2c.o
HAL_I2C_Slave_Transmit_IT                         build/stm32f7xx_hal_i2c.o
HAL_IncTick                                       build/stm32f7xx_hal.o
                                                  build/stm32f7xx_it.o
HAL_Init                                          build/stm32f7xx_hal.o
                                                  build/main.o
HAL_InitTick                                      build/stm32f7xx_hal.o
                                                  build/stm32f7xx_hal_rcc.o
HAL_LIN_Init                                      build/stm32f7xx_hal_uart.o
HAL_LIN_SendBreak                                 build/stm32f7xx_hal_uart.o
HAL_MPU_ConfigRegion                              build/stm32f7xx_hal_cortex.o
HAL_MPU_Disable                                   build/stm32f7xx_hal_cortex.o
HAL_MPU_Enable                                    build/stm32f7xx_hal_cortex.o
HAL_MspDeInit                                     build/stm32f7xx_hal.o
HAL_MspInit                                       build/stm32f7xx_hal_msp.o
HAL_MultiProcessorEx_AddressLength_Set            build/stm32f7xx_hal_uart_ex.o
HAL_MultiProcessor_DisableMuteMode                build/stm32f7xx_hal_uart.o
HAL_MultiProcessor_EnableMuteMode                 build/stm32f7xx_hal_uart.o
HAL_MultiProcessor_EnterMuteMode                  build/stm32f7xx_hal_uart.o
HAL_MultiProcessor_Init                           build/stm32f7xx_hal_uart.o
HAL_NVIC_ClearPendingIRQ                          build/stm32f7xx_hal_cortex.o
HAL_NVIC_DisableIRQ                               build/stm32f7xx_hal_cortex.o
HAL_NVIC_EnableIRQ                                build/stm32f7xx_hal_cortex.o
HAL_NVIC_GetActive                                build/stm32f7xx_hal_cortex.o
HAL_NVIC_GetPendingIRQ                            build/stm32f7xx_hal_cortex.o
HAL_NVIC_GetPriority                              build/stm32f7xx_hal_cortex.o
HAL_NVIC_GetPriorityGrouping                      build/stm32f7xx_hal_cortex.o
HAL_NVIC_SetPendingIRQ                            build/stm32f7xx_hal_cortex.o
HAL_NVIC_SetPriority                              build/stm32f7xx_hal_cortex.o
                                                  build/stm32f7xx_hal.o
HAL_NVIC_SetPriorityGrouping                      build/stm32f7xx_hal_cortex.o
                                                  build/stm32f7xx_hal.o
HAL_NVIC_SystemReset                              build/stm32f7xx_hal_cortex.o
HAL_PCDEx_ActivateLPM                             build/stm32f7xx_hal_pcd_ex.o
                                                  build/stm32f7xx_hal_pcd.o
HAL_PCDEx_BCD_Callback                            build/stm32f7xx_hal_pcd_ex.o
HAL_PCDEx_DeActivateLPM                           build/stm32f7xx_hal_pcd_ex.o
HAL_PCDEx_LPM_Callback                            build/stm32f7xx_hal_pcd_ex.o
                                                  build/stm32f7xx_hal_pcd.o
HAL_PCDEx_SetRxFiFo                               build/stm32f7xx_hal_pcd_ex.o
HAL_PCDEx_SetTxFiFo                               build/stm32f7xx_hal_pcd_ex.o
HAL_PCD_ActivateRemoteWakeup                      build/stm32f7xx_hal_pcd.o
HAL_PCD_ConnectCallback                           build/stm32f7xx_hal_pcd.o
HAL_PCD_DataInStageCallback                       build/stm32f7xx_hal_pcd.o
HAL_PCD_DataOutStageCallback                      build/stm32f7xx_hal_pcd.o
HAL_PCD_DeActivateRemoteWakeup                    build/stm32f7xx_hal_pcd.o
HAL_PCD_DeInit                                    build/stm32f7xx_hal_pcd.o
HAL_PCD_DevConnect                                build/stm32f7xx_hal_pcd.o
HAL_PCD_DevDisconnect                             build/stm32f7xx_hal_pcd.o
HAL_PCD_DisconnectCallback                        build/stm32f7xx_hal_pcd.o
HAL_PCD_EP_Close                                  build/stm32f7xx_hal_pcd.o
HAL_PCD_EP_ClrStall                               build/stm32f7xx_hal_pcd.o
HAL_PCD_EP_Flush                                  build/stm32f7xx_hal_pcd.o
HAL_PCD_EP_GetRxCount                             build/stm32f7xx_hal_pcd.o
HAL_PCD_EP_Open                                   build/stm32f7xx_hal_pcd.o
HAL_PCD_EP_Receive                                build/stm32f7xx_hal_pcd.o
HAL_PCD_EP_SetStall                               build/stm32f7xx_hal_pcd.o
HAL_PCD_EP_Transmit                               build/stm32f7xx_hal_pcd.o
HAL_PCD_GetState                                  build/stm32f7xx_hal_pcd.o
HAL_PCD_IRQHandler                                build/stm32f7xx_hal_pcd.o
HAL_PCD_ISOINIncompleteCallback                   build/stm32f7xx_hal_pcd.o
HAL_PCD_ISOOUTIncompleteCallback                  build/stm32f7xx_hal_pcd.o
HAL_PCD_Init                                      build/stm32f7xx_hal_pcd.o
                                                  build/main.o
HAL_PCD_MspDeInit                                 build/stm32f7xx_hal_msp.o
HAL_PCD_MspInit                                   build/stm32f7xx_hal_msp.o
HAL_PCD_ResetCallback                             build/stm32f7xx_hal_pcd.o
HAL_PCD_ResumeCallback                            build/stm32f7xx_hal_pcd.o
HAL_PCD_SOFCallback                               build/stm32f7xx_hal_pcd.o
HAL_PCD_SetAddress                                build/stm32f7xx_hal_pcd.o
HAL_PCD_SetupStageCallback                        build/stm32f7xx_hal_pcd.o
HAL_PCD_Start                                     build/stm32f7xx_hal_pcd.o
HAL_PCD_Stop                                      build/stm32f7xx_hal_pcd.o
HAL_PCD_SuspendCallback                           build/stm32f7xx_hal_pcd.o
HAL_PWREx_ControlVoltageScaling                   build/stm32f7xx_hal_pwr_ex.o
HAL_PWREx_DisableBkUpReg                          build/stm32f7xx_hal_pwr_ex.o
HAL_PWREx_DisableFlashPowerDown                   build/stm32f7xx_hal_pwr_ex.o
HAL_PWREx_DisableLowRegulatorLowVoltage           build/stm32f7xx_hal_pwr_ex.o
HAL_PWREx_DisableMainRegulatorLowVoltage          build/stm32f7xx_hal_pwr_ex.o
HAL_PWREx_DisableOverDrive                        build/stm32f7xx_hal_pwr_ex.o
HAL_PWREx_EnableBkUpReg                           build/stm32f7xx_hal_pwr_ex.o
HAL_PWREx_EnableFlashPowerDown                    build/stm32f7xx_hal_pwr_ex.o
HAL_PWREx_EnableLowRegulatorLowVoltage            build/stm32f7xx_hal_pwr_ex.o
HAL_PWREx_EnableMainRegulatorLowVoltage           build/stm32f7xx_hal_pwr_ex.o
HAL_PWREx_EnableOverDrive                         build/stm32f7xx_hal_pwr_ex.o
                                                  build/main.o
HAL_PWREx_EnterUnderDriveSTOPMode                 build/stm32f7xx_hal_pwr_ex.o
HAL_PWREx_GetVoltageRange                         build/stm32f7xx_hal_pwr_ex.o
HAL_PWR_ConfigPVD                                 build/stm32f7xx_hal_pwr.o
HAL_PWR_DeInit                                    build/stm32f7xx_hal_pwr.o
HAL_PWR_DisableBkUpAccess                         build/stm32f7xx_hal_pwr.o
HAL_PWR_DisablePVD                                build/stm32f7xx_hal_pwr.o
HAL_PWR_DisableSEVOnPend                          build/stm32f7xx_hal_pwr.o
HAL_PWR_DisableSleepOnExit                        build/stm32f7xx_hal_pwr.o
HAL_PWR_DisableWakeUpPin                          build/stm32f7xx_hal_pwr.o
HAL_PWR_EnableBkUpAccess                          build/stm32f7xx_hal_pwr.o
                                                  build/main.o
HAL_PWR_EnablePVD                                 build/stm32f7xx_hal_pwr.o
HAL_PWR_EnableSEVOnPend                           build/stm32f7xx_hal_pwr.o
HAL_PWR_EnableSleepOnExit                         build/stm32f7xx_hal_pwr.o
HAL_PWR_EnableWakeUpPin                           build/stm32f7xx_hal_pwr.o
HAL_PWR_EnterSLEEPMode                            build/stm32f7xx_hal_pwr.o
HAL_PWR_EnterSTANDBYMode                          build/stm32f7xx_hal_pwr.o
HAL_PWR_EnterSTOPMode                             build/stm32f7xx_hal_pwr.o
HAL_PWR_PVDCallback                               build/stm32f7xx_hal_pwr.o
HAL_PWR_PVD_IRQHandler                            build/stm32f7xx_hal_pwr.o
HAL_RCCEx_DisablePLLI2S                           build/stm32f7xx_hal_rcc_ex.o
HAL_RCCEx_DisablePLLSAI                           build/stm32f7xx_hal_rcc_ex.o
HAL_RCCEx_EnablePLLI2S                            build/stm32f7xx_hal_rcc_ex.o
HAL_RCCEx_EnablePLLSAI                            build/stm32f7xx_hal_rcc_ex.o
HAL_RCCEx_GetPeriphCLKConfig                      build/stm32f7xx_hal_rcc_ex.o
HAL_RCCEx_GetPeriphCLKFreq                        build/stm32f7xx_hal_rcc_ex.o
HAL_RCCEx_PeriphCLKConfig                         build/stm32f7xx_hal_rcc_ex.o
                                                  build/main.o
HAL_RCC_CSSCallback                               build/stm32f7xx_hal_rcc.o
HAL_RCC_ClockConfig                               build/stm32f7xx_hal_rcc.o
                                                  build/main.o
HAL_RCC_DeInit                                    build/stm32f7xx_hal_rcc.o
HAL_RCC_DisableCSS                                build/stm32f7xx_hal_rcc.o
HAL_RCC_EnableCSS                                 build/stm32f7xx_hal_rcc.o
HAL_RCC_GetClockConfig                            build/stm32f7xx_hal_rcc.o
HAL_RCC_GetHCLKFreq                               build/stm32f7xx_hal_rcc.o
                                                  build/stm32f7xx_hal_pcd.o
                                                  build/stm32f7xx_hal_eth.o
HAL_RCC_GetOscConfig                              build/stm32f7xx_hal_rcc.o
HAL_RCC_GetPCLK1Freq                              build/stm32f7xx_hal_rcc.o
                                                  build/stm32f7xx_hal_uart.o
HAL_RCC_GetPCLK2Freq                              build/stm32f7xx_hal_rcc.o
                                                  build/stm32f7xx_hal_uart.o
HAL_RCC_GetSysClockFreq                           build/stm32f7xx_hal_rcc.o
                                                  build/stm32f7xx_hal_uart.o
HAL_RCC_MCOConfig                                 build/stm32f7xx_hal_rcc.o
HAL_RCC_NMI_IRQHandler                            build/stm32f7xx_hal_rcc.o
HAL_RCC_OscConfig                                 build/stm32f7xx_hal_rcc.o
                                                  build/main.o
HAL_RS485Ex_Init                                  build/stm32f7xx_hal_uart_ex.o
HAL_ResumeTick                                    build/stm32f7xx_hal.o
HAL_SYSTICK_CLKSourceConfig                       build/stm32f7xx_hal_cortex.o
HAL_SYSTICK_Callback                              build/stm32f7xx_hal_cortex.o
HAL_SYSTICK_Config                                build/stm32f7xx_hal_cortex.o
                                                  build/stm32f7xx_hal.o
HAL_SYSTICK_IRQHandler                            build/stm32f7xx_hal_cortex.o
HAL_SetTickFreq                                   build/stm32f7xx_hal.o
HAL_SuspendTick                                   build/stm32f7xx_hal.o
HAL_UARTEx_DisableClockStopMode                   build/stm32f7xx_hal_uart_ex.o
HAL_UARTEx_DisableStopMode                        build/stm32f7xx_hal_uart_ex.o
HAL_UARTEx_EnableClockStopMode                    build/stm32f7xx_hal_uart_ex.o
HAL_UARTEx_EnableStopMode                         build/stm32f7xx_hal_uart_ex.o
HAL_UARTEx_StopModeWakeUpSourceConfig             build/stm32f7xx_hal_uart_ex.o
HAL_UARTEx_WakeupCallback                         build/stm32f7xx_hal_uart.o
HAL_UART_Abort                                    build/stm32f7xx_hal_uart.o
HAL_UART_AbortCpltCallback                        build/stm32f7xx_hal_uart.o
HAL_UART_AbortReceive                             build/stm32f7xx_hal_uart.o
HAL_UART_AbortReceiveCpltCallback                 build/stm32f7xx_hal_uart.o
HAL_UART_AbortReceive_IT                          build/stm32f7xx_hal_uart.o
HAL_UART_AbortTransmit                            build/stm32f7xx_hal_uart.o
HAL_UART_AbortTransmitCpltCallback                build/stm32f7xx_hal_uart.o
HAL_UART_AbortTransmit_IT                         build/stm32f7xx_hal_uart.o
HAL_UART_Abort_IT                                 build/stm32f7xx_hal_uart.o
HAL_UART_DMAPause                                 build/stm32f7xx_hal_uart.o
HAL_UART_DMAResume                                build/stm32f7xx_hal_uart.o
HAL_UART_DMAStop                                  build/stm32f7xx_hal_uart.o
HAL_UART_DeInit                                   build/stm32f7xx_hal_uart.o
HAL_UART_DisableReceiverTimeout                   build/stm32f7xx_hal_uart.o
HAL_UART_EnableReceiverTimeout                    build/stm32f7xx_hal_uart.o
HAL_UART_ErrorCallback                            build/stm32f7xx_hal_uart.o
HAL_UART_GetError                                 build/stm32f7xx_hal_uart.o
HAL_UART_GetState                                 build/stm32f7xx_hal_uart.o
HAL_UART_IRQHandler                               build/stm32f7xx_hal_uart.o
HAL_UART_Init                                     build/stm32f7xx_hal_uart.o
                                                  build/main.o
HAL_UART_MspDeInit                                build/stm32f7xx_hal_msp.o
HAL_UART_MspInit                                  build/stm32f7xx_hal_msp.o
                                                  build/stm32f7xx_hal_uart_ex.o
HAL_UART_Receive                                  build/stm32f7xx_hal_uart.o
HAL_UART_Receive_DMA                              build/stm32f7xx_hal_uart.o
HAL_UART_Receive_IT                               build/stm32f7xx_hal_uart.o
HAL_UART_ReceiverTimeout_Config                   build/stm32f7xx_hal_uart.o
HAL_UART_RxCpltCallback                           build/stm32f7xx_hal_uart.o
HAL_UART_RxHalfCpltCallback                       build/stm32f7xx_hal_uart.o
HAL_UART_Transmit                                 build/stm32f7xx_hal_uart.o
HAL_UART_Transmit_DMA                             build/stm32f7xx_hal_uart.o
HAL_UART_Transmit_IT                              build/stm32f7xx_hal_uart.o
HAL_UART_TxCpltCallback                           build/stm32f7xx_hal_uart.o
HAL_UART_TxHalfCpltCallback                       build/stm32f7xx_hal_uart.o
HardFault_Handler                                 build/stm32f7xx_it.o
I2C1_ER_IRQHandler                                build/startup_stm32f767xx.o
I2C1_EV_IRQHandler                                build/startup_stm32f767xx.o
I2C2_ER_IRQHandler                                build/startup_stm32f767xx.o
I2C2_EV_IRQHandler                                build/startup_stm32f767xx.o
I2C3_ER_IRQHandler                                build/startup_stm32f767xx.o
I2C3_EV_IRQHandler                                build/startup_stm32f767xx.o
I2C4_ER_IRQHandler                                build/startup_stm32f767xx.o
I2C4_EV_IRQHandler                                build/startup_stm32f767xx.o
JPEG_IRQHandler                                   build/startup_stm32f767xx.o
LPTIM1_IRQHandler                                 build/startup_stm32f767xx.o
LTDC_ER_IRQHandler                                build/startup_stm32f767xx.o
LTDC_IRQHandler                                   build/startup_stm32f767xx.o
MDIOS_IRQHandler                                  build/startup_stm32f767xx.o
MemManage_Handler                                 build/stm32f7xx_it.o
NMI_Handler                                       build/stm32f7xx_it.o
OTG_FS_IRQHandler                                 build/startup_stm32f767xx.o
OTG_FS_WKUP_IRQHandler                            build/startup_stm32f767xx.o
OTG_HS_EP1_IN_IRQHandler                          build/startup_stm32f767xx.o
OTG_HS_EP1_OUT_IRQHandler                         build/startup_stm32f767xx.o
OTG_HS_IRQHandler                                 build/startup_stm32f767xx.o
OTG_HS_WKUP_IRQHandler                            build/startup_stm32f767xx.o
PVD_IRQHandler                                    build/startup_stm32f767xx.o
PendSV_Handler                                    build/stm32f7xx_it.o
QUADSPI_IRQHandler                                build/startup_stm32f767xx.o
RCC_IRQHandler                                    build/startup_stm32f767xx.o
RNG_IRQHandler                                    build/startup_stm32f767xx.o
RTC_Alarm_IRQHandler                              build/startup_stm32f767xx.o
RTC_WKUP_IRQHandler                               build/startup_stm32f767xx.o
Reset_Handler                                     build/startup_stm32f767xx.o
SAI1_IRQHandler                                   build/startup_stm32f767xx.o
SAI2_IRQHandler                                   build/startup_stm32f767xx.o
SDMMC1_IRQHandler                                 build/startup_stm32f767xx.o
SDMMC2_IRQHandler                                 build/startup_stm32f767xx.o
SPDIF_RX_IRQHandler                               build/startup_stm32f767xx.o
SPI1_IRQHandler                                   build/startup_stm32f767xx.o
SPI2_IRQHandler                                   build/startup_stm32f767xx.o
SPI3_IRQHandler                                   build/startup_stm32f767xx.o
SPI4_IRQHandler                                   build/startup_stm32f767xx.o
SPI5_IRQHandler                                   build/startup_stm32f767xx.o
SPI6_IRQHandler                                   build/startup_stm32f767xx.o
SVC_Handler                                       build/stm32f7xx_it.o
SysTick_Handler                                   build/stm32f7xx_it.o
SystemClock_Config                                build/main.o
SystemCoreClock                                   build/system_stm32f7xx.o
                                                  build/stm32f7xx_hal.o
                                                  build/stm32f7xx_hal_dma.o
                                                  build/stm32f7xx_hal_rcc.o
SystemCoreClockUpdate                             build/system_stm32f7xx.o
SystemInit                                        build/system_stm32f7xx.o
                                                  build/startup_stm32f767xx.o
TAMP_STAMP_IRQHandler                             build/startup_stm32f767xx.o
TIM1_BRK_TIM9_IRQHandler                          build/startup_stm32f767xx.o
TIM1_CC_IRQHandler                                build/startup_stm32f767xx.o
TIM1_TRG_COM_TIM11_IRQHandler                     build/startup_stm32f767xx.o
TIM1_UP_TIM10_IRQHandler                          build/startup_stm32f767xx.o
TIM2_IRQHandler                                   build/startup_stm32f767xx.o
TIM3_IRQHandler                                   build/startup_stm32f767xx.o
TIM4_IRQHandler                                   build/startup_stm32f767xx.o
TIM5_IRQHandler                                   build/startup_stm32f767xx.o
TIM6_DAC_IRQHandler                               build/startup_stm32f767xx.o
TIM7_IRQHandler                                   build/startup_stm32f767xx.o
TIM8_BRK_TIM12_IRQHandler                         build/startup_stm32f767xx.o
TIM8_CC_IRQHandler                                build/startup_stm32f767xx.o
TIM8_TRG_COM_TIM14_IRQHandler                     build/startup_stm32f767xx.o
TIM8_UP_TIM13_IRQHandler                          build/startup_stm32f767xx.o
UART4_IRQHandler                                  build/startup_stm32f767xx.o
UART5_IRQHandler                                  build/startup_stm32f767xx.o
UART7_IRQHandler                                  build/startup_stm32f767xx.o
UART8_IRQHandler                                  build/startup_stm32f767xx.o
UART_AdvFeatureConfig                             build/stm32f7xx_hal_uart.o
                                                  build/stm32f7xx_hal_uart_ex.o
UART_CheckIdleState                               build/stm32f7xx_hal_uart.o
                                                  build/stm32f7xx_hal_uart_ex.o
UART_SetConfig                                    build/stm32f7xx_hal_uart.o
                                                  build/stm32f7xx_hal_uart_ex.o
UART_WaitOnFlagUntilTimeout                       build/stm32f7xx_hal_uart.o
                                                  build/stm32f7xx_hal_uart_ex.o
USART1_IRQHandler                                 build/startup_stm32f767xx.o
USART2_IRQHandler                                 build/startup_stm32f767xx.o
USART3_IRQHandler                                 build/startup_stm32f767xx.o
USART6_IRQHandler                                 build/startup_stm32f767xx.o
USB_ActivateDedicatedEndpoint                     build/stm32f7xx_ll_usb.o
USB_ActivateEndpoint                              build/stm32f7xx_ll_usb.o
                                                  build/stm32f7xx_hal_pcd.o
USB_ActivateRemoteWakeup                          build/stm32f7xx_ll_usb.o
                                                  build/stm32f7xx_hal_pcd.o
USB_ActivateSetup                                 build/stm32f7xx_ll_usb.o
                                                  build/stm32f7xx_hal_pcd.o
USB_ClearInterrupts                               build/stm32f7xx_ll_usb.o
USB_CoreInit                                      build/stm32f7xx_ll_usb.o
                                                  build/stm32f7xx_hal_pcd.o
USB_DeActivateRemoteWakeup                        build/stm32f7xx_ll_usb.o
                                                  build/stm32f7xx_hal_pcd.o
USB_DeactivateDedicatedEndpoint                   build/stm32f7xx_ll_usb.o
USB_DeactivateEndpoint                            build/stm32f7xx_ll_usb.o
                                                  build/stm32f7xx_hal_pcd.o
USB_DevConnect                                    build/stm32f7xx_ll_usb.o
                                                  build/stm32f7xx_hal_pcd.o
USB_DevDisconnect                                 build/stm32f7xx_ll_usb.o
                                                  build/stm32f7xx_hal_pcd.o
USB_DevInit                                       build/stm32f7xx_ll_usb.o
                                                  build/stm32f7xx_hal_pcd.o
USB_DisableGlobalInt                              build/stm32f7xx_ll_usb.o
                                                  build/stm32f7xx_hal_pcd.o
USB_DoPing                                        build/stm32f7xx_ll_usb.o
USB_DriveVbus                                     build/stm32f7xx_ll_usb.o
USB_EP0StartXfer                                  build/stm32f7xx_ll_usb.o
                                                  build/stm32f7xx_hal_pcd.o
USB_EP0_OutStart                                  build/stm32f7xx_ll_usb.o
                                                  build/stm32f7xx_hal_pcd.o
USB_EPClearStall                                  build/stm32f7xx_ll_usb.o
                                                  build/stm32f7xx_hal_pcd.o
USB_EPSetStall                                    build/stm32f7xx_ll_usb.o
                                                  build/stm32f7xx_hal_pcd.o
USB_EPStartXfer                                   build/stm32f7xx_ll_usb.o
                                                  build/stm32f7xx_hal_pcd.o
USB_EnableGlobalInt                               build/stm32f7xx_ll_usb.o
                                                  build/stm32f7xx_hal_pcd.o
USB_FlushRxFifo                                   build/stm32f7xx_ll_usb.o
                                                  build/stm32f7xx_hal_pcd.o
USB_FlushTxFifo                                   build/stm32f7xx_ll_usb.o
                                                  build/stm32f7xx_hal_pcd.o
USB_GetCurrentFrame                               build/stm32f7xx_ll_usb.o
USB_GetDevSpeed                                   build/stm32f7xx_ll_usb.o
                                                  build/stm32f7xx_hal_pcd.o
USB_GetHostSpeed                                  build/stm32f7xx_ll_usb.o
USB_GetMode                                       build/stm32f7xx_ll_usb.o
                                                  build/stm32f7xx_hal_pcd.o
USB_HC_Halt                                       build/stm32f7xx_ll_usb.o
USB_HC_Init                                       build/stm32f7xx_ll_usb.o
USB_HC_ReadInterrupt                              build/stm32f7xx_ll_usb.o
USB_HC_StartXfer                                  build/stm32f7xx_ll_usb.o
USB_HostInit                                      build/stm32f7xx_ll_usb.o
USB_InitFSLSPClkSel                               build/stm32f7xx_ll_usb.o
USB_ReadDevAllInEpInterrupt                       build/stm32f7xx_ll_usb.o
                                                  build/stm32f7xx_hal_pcd.o
USB_ReadDevAllOutEpInterrupt                      build/stm32f7xx_ll_usb.o
                                                  build/stm32f7xx_hal_pcd.o
USB_ReadDevInEPInterrupt                          build/stm32f7xx_ll_usb.o
                                                  build/stm32f7xx_hal_pcd.o
USB_ReadDevOutEPInterrupt                         build/stm32f7xx_ll_usb.o
                                                  build/stm32f7xx_hal_pcd.o
USB_ReadInterrupts                                build/stm32f7xx_ll_usb.o
                                                  build/stm32f7xx_hal_pcd.o
USB_ReadPacket                                    build/stm32f7xx_ll_usb.o
                                                  build/stm32f7xx_hal_pcd.o
USB_ResetPort                                     build/stm32f7xx_ll_usb.o
USB_SetCurrentMode                                build/stm32f7xx_ll_usb.o
                                                  build/stm32f7xx_hal_pcd.o
USB_SetDevAddress                                 build/stm32f7xx_ll_usb.o
                                                  build/stm32f7xx_hal_pcd.o
USB_SetDevSpeed                                   build/stm32f7xx_ll_usb.o
USB_SetTurnaroundTime                             build/stm32f7xx_ll_usb.o
                                                  build/stm32f7xx_hal_pcd.o
USB_StopDevice                                    build/stm32f7xx_ll_usb.o
                                                  build/stm32f7xx_hal_pcd.o
USB_StopHost                                      build/stm32f7xx_ll_usb.o
USB_WritePacket                                   build/stm32f7xx_ll_usb.o
                                                  build/stm32f7xx_hal_pcd.o
UsageFault_Handler                                build/stm32f7xx_it.o
WWDG_IRQHandler                                   build/startup_stm32f767xx.o
_ITM_deregisterTMCloneTable                       c:/users/hungv/appdata/roaming/xpacks/@gnu-mcu-eclipse/arm-none-eabi-gcc/8.2.1-1.7.1/.content/bin/../lib/gcc/arm-none-eabi/8.2.1/thumb/v7e-m+dp/hard/crtbegin.o
_ITM_registerTMCloneTable                         c:/users/hungv/appdata/roaming/xpacks/@gnu-mcu-eclipse/arm-none-eabi-gcc/8.2.1-1.7.1/.content/bin/../lib/gcc/arm-none-eabi/8.2.1/thumb/v7e-m+dp/hard/crtbegin.o
__TMC_END__                                       c:/users/hungv/appdata/roaming/xpacks/@gnu-mcu-eclipse/arm-none-eabi-gcc/8.2.1-1.7.1/.content/bin/../lib/gcc/arm-none-eabi/8.2.1/thumb/v7e-m+dp/hard/crtend.o
                                                  c:/users/hungv/appdata/roaming/xpacks/@gnu-mcu-eclipse/arm-none-eabi-gcc/8.2.1-1.7.1/.content/bin/../lib/gcc/arm-none-eabi/8.2.1/thumb/v7e-m+dp/hard/crtbegin.o
__aeabi_idiv0                                     c:/users/hungv/appdata/roaming/xpacks/@gnu-mcu-eclipse/arm-none-eabi-gcc/8.2.1-1.7.1/.content/bin/../lib/gcc/arm-none-eabi/8.2.1/thumb/v7e-m+dp/hard\libgcc.a(_dvmd_tls.o)
__aeabi_ldiv0                                     c:/users/hungv/appdata/roaming/xpacks/@gnu-mcu-eclipse/arm-none-eabi-gcc/8.2.1-1.7.1/.content/bin/../lib/gcc/arm-none-eabi/8.2.1/thumb/v7e-m+dp/hard\libgcc.a(_dvmd_tls.o)
                                                  c:/users/hungv/appdata/roaming/xpacks/@gnu-mcu-eclipse/arm-none-eabi-gcc/8.2.1-1.7.1/.content/bin/../lib/gcc/arm-none-eabi/8.2.1/thumb/v7e-m+dp/hard\libgcc.a(_aeabi_uldivmod.o)
__aeabi_uldivmod                                  c:/users/hungv/appdata/roaming/xpacks/@gnu-mcu-eclipse/arm-none-eabi-gcc/8.2.1-1.7.1/.content/bin/../lib/gcc/arm-none-eabi/8.2.1/thumb/v7e-m+dp/hard\libgcc.a(_aeabi_uldivmod.o)
                                                  build/stm32f7xx_hal_rcc.o